Copyright 1986-2022 Xilinx, Inc. All Rights Reserved.
----------------------------------------------------------------------------------------------------------------------------------------------------------------------
| Tool Version     : Vivado v.2022.2 (win64) Build 3671981 Fri Oct 14 05:00:03 MDT 2022
| Date             : Mon Mar  3 18:13:30 2025
| Host             : DESKTOP-V5UHSH2 running 64-bit major release  (build 9200)
| Command          : report_power -file design_1_wrapper_power_routed.rpt -pb design_1_wrapper_power_summary_routed.pb -rpx design_1_wrapper_power_routed.rpx
| Design           : design_1_wrapper
| Device           : xc7a100tfgg484-2
| Design State     : routed
| Grade            : commercial
| Process          : typical
| Characterization : Production
----------------------------------------------------------------------------------------------------------------------------------------------------------------------

Power Report

Table of Contents
-----------------
1. Summary
1.1 On-Chip Components
1.2 Power Supply Summary
1.3 Confidence Level
2. Settings
2.1 Environment
2.2 Clock Constraints
3. Detailed Reports
3.1 By Hierarchy

1. Summary
----------

+--------------------------+--------------+
| Total On-Chip Power (W)  | 1.008        |
| Design Power Budget (W)  | Unspecified* |
| Power Budget Margin (W)  | NA           |
| Dynamic (W)              | 0.910        |
| Device Static (W)        | 0.097        |
| Effective TJA (C/W)      | 2.7          |
| Max Ambient (C)          | 82.3         |
| Junction Temperature (C) | 27.7         |
| Confidence Level         | Low          |
| Setting File             | ---          |
| Simulation Activity File | ---          |
| Design Nets Matched      | NA           |
+--------------------------+--------------+
* Specify Design Power Budget using, set_operating_conditions -design_power_budget <value in Watts>


1.1 On-Chip Components
----------------------

+--------------------------+-----------+----------+-----------+-----------------+
| On-Chip                  | Power (W) | Used     | Available | Utilization (%) |
+--------------------------+-----------+----------+-----------+-----------------+
| Clocks                   |     0.137 |        8 |       --- |             --- |
| Slice Logic              |     0.163 |   116578 |       --- |             --- |
|   LUT as Logic           |     0.158 |    30045 |     63400 |           47.39 |
|   CARRY4                 |     0.002 |      293 |     15850 |            1.85 |
|   LUT as Distributed RAM |     0.002 |       64 |     19000 |            0.34 |
|   Register               |     0.001 |    70984 |    126800 |           55.98 |
|   F7/F8 Muxes            |    <0.001 |    13396 |     63400 |           21.13 |
|   LUT as Shift Register  |    <0.001 |      134 |     19000 |            0.71 |
|   Others                 |    <0.001 |      710 |       --- |             --- |
| Signals                  |     0.304 |    87351 |       --- |             --- |
| Block RAM                |     0.015 |       32 |       135 |           23.70 |
| PLL                      |     0.141 |        1 |         6 |           16.67 |
| DSPs                     |     0.001 |        1 |       240 |            0.42 |
| I/O                      |     0.293 |       73 |       285 |           25.61 |
| Static Power             |     0.097 |          |           |                 |
| Total                    |     1.153 |          |           |                 |
+--------------------------+-----------+----------+-----------+-----------------+


1.2 Power Supply Summary
------------------------

+-----------+-------------+-----------+-------------+------------+-------------+-------------+------------+
| Source    | Voltage (V) | Total (A) | Dynamic (A) | Static (A) | Powerup (A) | Budget (A)  | Margin (A) |
+-----------+-------------+-----------+-------------+------------+-------------+-------------+------------+
| Vccint    |       1.000 |     0.652 |       0.635 |      0.017 |       NA    | Unspecified | NA         |
| Vccaux    |       1.800 |     0.089 |       0.071 |      0.018 |       NA    | Unspecified | NA         |
| Vcco33    |       3.300 |     0.000 |       0.000 |      0.000 |       NA    | Unspecified | NA         |
| Vcco25    |       2.500 |     0.063 |       0.059 |      0.004 |       NA    | Unspecified | NA         |
| Vcco18    |       1.800 |     0.000 |       0.000 |      0.000 |       NA    | Unspecified | NA         |
| Vcco15    |       1.500 |     0.000 |       0.000 |      0.000 |       NA    | Unspecified | NA         |
| Vcco135   |       1.350 |     0.000 |       0.000 |      0.000 |       NA    | Unspecified | NA         |
| Vcco12    |       1.200 |     0.000 |       0.000 |      0.000 |       NA    | Unspecified | NA         |
| Vccaux_io |       1.800 |     0.000 |       0.000 |      0.000 |       NA    | Unspecified | NA         |
| Vccbram   |       1.000 |     0.002 |       0.001 |      0.001 |       NA    | Unspecified | NA         |
| MGTAVcc   |       1.000 |     0.000 |       0.000 |      0.000 |       NA    | Unspecified | NA         |
| MGTAVtt   |       1.200 |     0.000 |       0.000 |      0.000 |       NA    | Unspecified | NA         |
| Vccadc    |       1.800 |     0.020 |       0.000 |      0.020 |       NA    | Unspecified | NA         |
+-----------+-------------+-----------+-------------+------------+-------------+-------------+------------+


1.3 Confidence Level
--------------------

+-----------------------------+------------+--------------------------------------------------------+------------------------------------------------------------------------------------------------------------+
| User Input Data             | Confidence | Details                                                | Action                                                                                                     |
+-----------------------------+------------+--------------------------------------------------------+------------------------------------------------------------------------------------------------------------+
| Design implementation state | High       | Design is routed                                       |                                                                                                            |
| Clock nodes activity        | High       | User specified more than 95% of clocks                 |                                                                                                            |
| I/O nodes activity          | Low        | More than 75% of inputs are missing user specification | Provide missing input activity with simulation results or by editing the "By Resource Type -> I/Os" view   |
| Internal nodes activity     | Medium     | User specified less than 25% of internal nodes         | Provide missing internal nodes activity with simulation results or by editing the "By Resource Type" views |
| Device models               | High       | Device models are Production                           |                                                                                                            |
|                             |            |                                                        |                                                                                                            |
| Overall confidence level    | Low        |                                                        |                                                                                                            |
+-----------------------------+------------+--------------------------------------------------------+------------------------------------------------------------------------------------------------------------+


2. Settings
-----------

2.1 Environment
---------------

+-----------------------+--------------------------+
| Ambient Temp (C)      | 25.0                     |
| ThetaJA (C/W)         | 2.7                      |
| Airflow (LFM)         | 250                      |
| Heat Sink             | medium (Medium Profile)  |
| ThetaSA (C/W)         | 4.6                      |
| Board Selection       | medium (10"x10")         |
| # of Board Layers     | 12to15 (12 to 15 Layers) |
| Board Temperature (C) | 25.0                     |
+-----------------------+--------------------------+


2.2 Clock Constraints
---------------------

+------------------------------------------------------------+---------------------------------------------------------+-----------------+
| Clock                                                      | Domain                                                  | Constraint (ns) |
+------------------------------------------------------------+---------------------------------------------------------+-----------------+
| clk_out1_design_1_clk_wiz_1_0                              | design_1_i/clk_wiz_1/inst/clk_out1_design_1_clk_wiz_1_0 |             5.0 |
| clk_out2_design_1_clk_wiz_1_0                              | design_1_i/clk_wiz_1/inst/clk_out2_design_1_clk_wiz_1_0 |             6.2 |
| clkfbout_design_1_clk_wiz_1_0                              | design_1_i/clk_wiz_1/inst/clkfbout_design_1_clk_wiz_1_0 |            20.0 |
| design_1_i/mdm_1/U0/Use_E2.BSCAN_I/Use_E2.BSCANE2_I/DRCK   | design_1_i/mdm_1/U0/Use_E2.BSCAN_I/DRCK                 |            33.3 |
| design_1_i/mdm_1/U0/Use_E2.BSCAN_I/Use_E2.BSCANE2_I/UPDATE | design_1_i/mdm_1/U0/Use_E2.BSCAN_I/Dbg_Update_0         |            33.3 |
| sysClk50m                                                  | sysClk50m                                               |            20.0 |
+------------------------------------------------------------+---------------------------------------------------------+-----------------+


3. Detailed Reports
-------------------

3.1 By Hierarchy
----------------

+-------------------------------+-----------+
| Name                          | Power (W) |
+-------------------------------+-----------+
| design_1_wrapper              |     1.056 |
|   design_1_i                  |     1.052 |
|     axi_bram_ctrl_0           |     0.227 |
|       U0                      |     0.227 |
|     axi_timer_0               |     0.007 |
|       U0                      |     0.007 |
|     clk_wiz_1                 |     0.141 |
|       inst                    |     0.141 |
|     hw0_0                     |     0.622 |
|       inst                    |     0.622 |
|     microblaze_0              |     0.029 |
|       U0                      |     0.029 |
|     microblaze_0_axi_periph   |     0.003 |
|       xbar                    |     0.003 |
|     microblaze_0_local_memory |     0.016 |
|       lmb_bram                |     0.016 |
+-------------------------------+-----------+


