00:16:29 **** Incremental Build of configuration Debug for project syncMain ****
make all 
'Building file: ../src/helloworld.c'
'Invoking: MicroBlaze gcc compiler'
mb-gcc -Wall -O0 -g3 -c -fmessage-length=0 -MT"src/helloworld.o" -IE:/kevin/myCode/microBlaze1/vitisHome/syncBlaze/export/syncBlaze/sw/syncBlaze/standalone_domain/bspinclude/include -mlittle-endian -mcpu=v11.0 -mxl-soft-mul -Wl,--no-relax -ffunction-sections -fdata-sections -MMD -MP -MF"src/helloworld.d" -MT"src/helloworld.o" -o "src/helloworld.o" "../src/helloworld.c"
In file included from ../src/helloworld.c:7:
E:/kevin/myCode/microBlaze1/vitisHome/syncBlaze/export/syncBlaze/sw/syncBlaze/standalone_domain/bspinclude/include/xbasic_types.h:102:2: warning: #warning The xbasics_type.h file is deprecated and users should use xil_types.h and xil_assert. [-Wcpp]
  102 | #warning  The xbasics_type.h file is deprecated and users should use xil_types.h and xil_assert.
      |  ^~~~~~~
E:/kevin/myCode/microBlaze1/vitisHome/syncBlaze/export/syncBlaze/sw/syncBlaze/standalone_domain/bspinclude/include/xbasic_types.h:103:2: warning: #warning Please refer the Standalone BSP UG647 for further details [-Wcpp]
  103 | #warning  Please refer the Standalone BSP UG647 for further details
      |  ^~~~~~~
../src/helloworld.c: In function 'ud485RxPrg':
../src/helloworld.c:616:29: warning: unused variable 'kkk' [-Wunused-variable]
  616 |                         int kkk=serialId;
      |                             ^~~
../src/helloworld.c:606:13: warning: unused variable 'para2' [-Wunused-variable]
  606 |         u16 para2 = getBufferWord(&inx, udp->rxBuffer);
      |             ^~~~~
../src/helloworld.c:605:13: warning: unused variable 'para1' [-Wunused-variable]
  605 |         u16 para1 = getBufferWord(&inx, udp->rxBuffer);
      |             ^~~~~
../src/helloworld.c:602:13: warning: unused variable 'len' [-Wunused-variable]
  602 |         u16 len = getBufferWord(&inx, udp->rxBuffer);
      |             ^~~
../src/helloworld.c: In function 'udUartRxPrg':
../src/helloworld.c:678:12: warning: unused variable 'ibuf' [-Wunused-variable]
  678 |         u8 ibuf;
      |            ^~~~
../src/helloworld.c: In function 'udIpcRxPrg':
../src/helloworld.c:701:21: warning: unused variable 'cmdLen' [-Wunused-variable]
  701 |                 u16 cmdLen = getBufferWord(&inx, udp->rxBuffer);
      |                     ^~~~~~
../src/helloworld.c: In function 'transBram':
../src/helloworld.c:1128:13: warning: unused variable 'debug' [-Wunused-variable]
 1128 |         int debug;
      |             ^~~~~
../src/helloworld.c: In function 'main':
../src/helloworld.c:1388:13: warning: unused variable 'ibuf' [-Wunused-variable]
 1388 |         int ibuf;
      |             ^~~~
../src/helloworld.c: In function 'memTxPrg':
../src/helloworld.c:1658:24: warning: 'return' with a value, in function returning void [-Wreturn-type]
 1658 |                 return 0;
      |                        ^
../src/helloworld.c:1649:6: note: declared here
 1649 | void memTxPrg(UartData *udp){
      |      ^~~~~~~~
../src/helloworld.c: In function 'loadTickDrv':
../src/helloworld.c:2138:13: warning: unused variable 'ibuf' [-Wunused-variable]
 2138 |         int ibuf;
      |             ^~~~
../src/helloworld.c: In function 'loadTickMeter':
../src/helloworld.c:2201:13: warning: unused variable 'ibuf' [-Wunused-variable]
 2201 |         int ibuf;
      |             ^~~~
../src/helloworld.c: In function 'loadTickTest':
../src/helloworld.c:2241:13: warning: unused variable 'ibuf' [-Wunused-variable]
 2241 |         int ibuf;
      |             ^~~~
'Finished building: ../src/helloworld.c'
' '
'Building file: ../src/platform.c'
'Invoking: MicroBlaze gcc compiler'
mb-gcc -Wall -O0 -g3 -c -fmessage-length=0 -MT"src/platform.o" -IE:/kevin/myCode/microBlaze1/vitisHome/syncBlaze/export/syncBlaze/sw/syncBlaze/standalone_domain/bspinclude/include -mlittle-endian -mcpu=v11.0 -mxl-soft-mul -Wl,--no-relax -ffunction-sections -fdata-sections -MMD -MP -MF"src/platform.d" -MT"src/platform.o" -o "src/platform.o" "../src/platform.c"
'Finished building: ../src/platform.c'
' '
'Building target: syncMain.elf'
'Invoking: MicroBlaze gcc linker'
mb-gcc -Wl,-T -Wl,../src/lscript.ld -LE:/kevin/myCode/microBlaze1/vitisHome/syncBlaze/export/syncBlaze/sw/syncBlaze/standalone_domain/bsplib/lib -mlittle-endian -mcpu=v11.0 -mxl-soft-mul -Wl,--no-relax -Wl,--gc-sections -o "syncMain.elf"  ./src/helloworld.o ./src/platform.o   -Wl,--start-group,-lxil,-lgcc,-lc,--end-group
'Finished building target: syncMain.elf'
' '
'Invoking: MicroBlaze Print Size'
mb-size syncMain.elf  |tee "syncMain.elf.size"
   text	   data	    bss	    dec	    hex	filename
  36784	    540	  42276	  79600	  136f0	syncMain.elf
'Finished building: syncMain.elf.size'
' '

00:16:30 Build Finished (took 586ms)

