15:32:06 DEBUG : Logs will be stored at 'E:/kevin/myCode/microBlaze1/vitisJson/IDE.log'.
15:32:08 INFO  : Launching XSCT server: xsct.bat -n  -interactive E:\kevin\myCode\microBlaze1\vitisJson\temp_xsdb_launch_script.tcl
15:32:08 INFO  : Registering command handlers for Vitis TCF services
15:32:09 INFO  : Platform repository initialization has completed.
15:32:10 INFO  : XSCT server has started successfully.
15:32:10 INFO  : plnx-install-location is set to ''
15:32:10 INFO  : Successfully done setting XSCT server connection channel  
15:32:10 INFO  : Successfully done query RDI_DATADIR 
15:32:10 INFO  : Successfully done setting workspace for the tool. 
15:36:06 DEBUG : Logs will be stored at 'E:/kevin/myCode/microBlaze1/vitisJson/IDE.log'.
15:36:08 INFO  : Launching XSCT server: xsct.bat -n  -interactive E:\kevin\myCode\microBlaze1\vitisJson\temp_xsdb_launch_script.tcl
15:36:08 INFO  : Registering command handlers for Vitis TCF services
15:36:09 INFO  : Platform repository initialization has completed.
15:36:10 INFO  : XSCT server has started successfully.
15:36:10 INFO  : plnx-install-location is set to ''
15:36:10 INFO  : Successfully done setting XSCT server connection channel  
15:36:10 INFO  : Successfully done query RDI_DATADIR 
15:36:10 INFO  : Successfully done setting workspace for the tool. 
15:43:46 INFO  : Result from executing command 'getProjects': syncBlaze
15:43:46 INFO  : Result from executing command 'getPlatforms': xilinx_vck190_base_202220_1|D:/Xilinx202202/Vitis/2022.2/base_platforms/xilinx_vck190_base_202220_1/xilinx_vck190_base_202220_1.xpfm;xilinx_vck190_base_dfx_202220_1|D:/Xilinx202202/Vitis/2022.2/base_platforms/xilinx_vck190_base_dfx_202220_1/xilinx_vck190_base_dfx_202220_1.xpfm;xilinx_vmk180_base_202220_1|D:/Xilinx202202/Vitis/2022.2/base_platforms/xilinx_vmk180_base_202220_1/xilinx_vmk180_base_202220_1.xpfm;xilinx_zcu102_base_202220_1|D:/Xilinx202202/Vitis/2022.2/base_platforms/xilinx_zcu102_base_202220_1/xilinx_zcu102_base_202220_1.xpfm;xilinx_zcu102_base_dfx_202220_1|D:/Xilinx202202/Vitis/2022.2/base_platforms/xilinx_zcu102_base_dfx_202220_1/xilinx_zcu102_base_dfx_202220_1.xpfm;xilinx_zcu104_base_202220_1|D:/Xilinx202202/Vitis/2022.2/base_platforms/xilinx_zcu104_base_202220_1/xilinx_zcu104_base_202220_1.xpfm
15:53:13 INFO  : Hardware specification for platform project 'syncBlaze' is updated.
15:53:29 INFO  : Result from executing command 'getProjects': syncBlaze
15:53:29 INFO  : Result from executing command 'getPlatforms': syncBlaze|E:/kevin/myCode/microBlaze1/vitisJson/syncBlaze/export/syncBlaze/syncBlaze.xpfm;xilinx_vck190_base_202220_1|D:/Xilinx202202/Vitis/2022.2/base_platforms/xilinx_vck190_base_202220_1/xilinx_vck190_base_202220_1.xpfm;xilinx_vck190_base_dfx_202220_1|D:/Xilinx202202/Vitis/2022.2/base_platforms/xilinx_vck190_base_dfx_202220_1/xilinx_vck190_base_dfx_202220_1.xpfm;xilinx_vmk180_base_202220_1|D:/Xilinx202202/Vitis/2022.2/base_platforms/xilinx_vmk180_base_202220_1/xilinx_vmk180_base_202220_1.xpfm;xilinx_zcu102_base_202220_1|D:/Xilinx202202/Vitis/2022.2/base_platforms/xilinx_zcu102_base_202220_1/xilinx_zcu102_base_202220_1.xpfm;xilinx_zcu102_base_dfx_202220_1|D:/Xilinx202202/Vitis/2022.2/base_platforms/xilinx_zcu102_base_dfx_202220_1/xilinx_zcu102_base_dfx_202220_1.xpfm;xilinx_zcu104_base_202220_1|D:/Xilinx202202/Vitis/2022.2/base_platforms/xilinx_zcu104_base_202220_1/xilinx_zcu104_base_202220_1.xpfm
16:01:10 INFO  : Checking for BSP changes to sync application flags for project 'syncMain'...
16:01:45 INFO  : Connected to target on host '127.0.0.1' and port '3121'.
16:01:46 INFO  : Jtag cable 'Digilent JTAG-HS2 201706300081' is selected.
16:01:46 INFO  : 'jtag frequency' command is executed.
16:01:46 INFO  : 'targets -set -filter {jtag_cable_name =~ "Digilent JTAG-HS2 201706300081" && level==0 && jtag_device_ctx=="jsn-JTAG-HS2-201706300081-13631093-0"}' command is executed.
16:01:49 INFO  : Device configured successfully with "E:/kevin/myCode/microBlaze1/vitisJson/syncMain/_ide/bitstream/design_1_wrapper.bit"
16:01:49 INFO  : Context for processor 'microblaze_0' is selected.
16:01:49 INFO  : Hardware design and registers information is loaded from 'E:/kevin/myCode/microBlaze1/vitisJson/syncBlaze/export/syncBlaze/hw/design_1_wrapper.xsa'.
16:01:49 INFO  : 'configparams mdm-detect-bscan-mask 2' command is executed.
16:01:49 INFO  : Context for processor 'microblaze_0' is selected.
16:01:49 INFO  : System reset is completed.
16:01:52 INFO  : 'after 3000' command is executed.
16:01:52 INFO  : Context for processor 'microblaze_0' is selected.
16:01:53 INFO  : The application 'E:/kevin/myCode/microBlaze1/vitisJson/syncMain/Debug/syncMain.elf' is downloaded to processor 'microblaze_0'.
16:01:53 INFO  : ----------------XSDB Script----------------
connect -url tcp:127.0.0.1:3121
targets -set -filter {jtag_cable_name =~ "Digilent JTAG-HS2 201706300081" && level==0 && jtag_device_ctx=="jsn-JTAG-HS2-201706300081-13631093-0"}
fpga -file E:/kevin/myCode/microBlaze1/vitisJson/syncMain/_ide/bitstream/design_1_wrapper.bit
targets -set -nocase -filter {name =~ "*microblaze*#0" && bscan=="USER2" }
loadhw -hw E:/kevin/myCode/microBlaze1/vitisJson/syncBlaze/export/syncBlaze/hw/design_1_wrapper.xsa -regs
configparams mdm-detect-bscan-mask 2
targets -set -nocase -filter {name =~ "*microblaze*#0" && bscan=="USER2" }
rst -system
after 3000
targets -set -nocase -filter {name =~ "*microblaze*#0" && bscan=="USER2" }
dow E:/kevin/myCode/microBlaze1/vitisJson/syncMain/Debug/syncMain.elf
----------------End of Script----------------

16:01:53 INFO  : Context for processor 'microblaze_0' is selected.
16:01:53 INFO  : 'con' command is executed.
16:01:53 INFO  : ----------------XSDB Script (After Launch)----------------
targets -set -nocase -filter {name =~ "*microblaze*#0" && bscan=="USER2" }
con
----------------End of Script----------------

16:01:53 INFO  : Launch script is exported to file 'E:\kevin\myCode\microBlaze1\vitisJson\syncMain_system\_ide\scripts\systemdebugger_syncmain_system_standalone.tcl'
16:20:59 INFO  : Hardware specification for platform project 'syncBlaze' is updated.
16:21:12 INFO  : Result from executing command 'getProjects': syncBlaze
16:21:12 INFO  : Result from executing command 'getPlatforms': syncBlaze|E:/kevin/myCode/microBlaze1/vitisJson/syncBlaze/export/syncBlaze/syncBlaze.xpfm;xilinx_vck190_base_202220_1|D:/Xilinx202202/Vitis/2022.2/base_platforms/xilinx_vck190_base_202220_1/xilinx_vck190_base_202220_1.xpfm;xilinx_vck190_base_dfx_202220_1|D:/Xilinx202202/Vitis/2022.2/base_platforms/xilinx_vck190_base_dfx_202220_1/xilinx_vck190_base_dfx_202220_1.xpfm;xilinx_vmk180_base_202220_1|D:/Xilinx202202/Vitis/2022.2/base_platforms/xilinx_vmk180_base_202220_1/xilinx_vmk180_base_202220_1.xpfm;xilinx_zcu102_base_202220_1|D:/Xilinx202202/Vitis/2022.2/base_platforms/xilinx_zcu102_base_202220_1/xilinx_zcu102_base_202220_1.xpfm;xilinx_zcu102_base_dfx_202220_1|D:/Xilinx202202/Vitis/2022.2/base_platforms/xilinx_zcu102_base_dfx_202220_1/xilinx_zcu102_base_dfx_202220_1.xpfm;xilinx_zcu104_base_202220_1|D:/Xilinx202202/Vitis/2022.2/base_platforms/xilinx_zcu104_base_202220_1/xilinx_zcu104_base_202220_1.xpfm
18:01:17 INFO  : Hardware specification for platform project 'syncBlaze' is updated.
18:01:54 INFO  : Result from executing command 'getProjects': syncBlaze
18:01:54 INFO  : Result from executing command 'getPlatforms': xilinx_vck190_base_202220_1|D:/Xilinx202202/Vitis/2022.2/base_platforms/xilinx_vck190_base_202220_1/xilinx_vck190_base_202220_1.xpfm;xilinx_vck190_base_dfx_202220_1|D:/Xilinx202202/Vitis/2022.2/base_platforms/xilinx_vck190_base_dfx_202220_1/xilinx_vck190_base_dfx_202220_1.xpfm;xilinx_vmk180_base_202220_1|D:/Xilinx202202/Vitis/2022.2/base_platforms/xilinx_vmk180_base_202220_1/xilinx_vmk180_base_202220_1.xpfm;xilinx_zcu102_base_202220_1|D:/Xilinx202202/Vitis/2022.2/base_platforms/xilinx_zcu102_base_202220_1/xilinx_zcu102_base_202220_1.xpfm;xilinx_zcu102_base_dfx_202220_1|D:/Xilinx202202/Vitis/2022.2/base_platforms/xilinx_zcu102_base_dfx_202220_1/xilinx_zcu102_base_dfx_202220_1.xpfm;xilinx_zcu104_base_202220_1|D:/Xilinx202202/Vitis/2022.2/base_platforms/xilinx_zcu104_base_202220_1/xilinx_zcu104_base_202220_1.xpfm
18:02:05 INFO  : Checking for BSP changes to sync application flags for project 'syncMain'...
18:02:08 ERROR : XSCT server calls should not be made from TCF thread.
java.lang.RuntimeException: XSCT server calls should not be made from TCF thread.
	at com.xilinx.sdk.xsdb.XSDBCommandManager.issueAndWait(XSDBCommandManager.java:392) [com.xilinx.sdk.xsdb_1.0.0.202210132147.jar:?]
	at com.xilinx.sdk.xsdb.XsdbCommandUtils.executeAndRespond(XsdbCommandUtils.java:325) [com.xilinx.sdk.xsdb_1.0.0.202210132147.jar:?]
	at com.xilinx.sdk.hw.internal.HwPlatform.populateDesignProps(HwPlatform.java:521) [com.xilinx.sdk.hw_1.0.0.202210132147.jar:?]
	at com.xilinx.sdk.hw.internal.HwPlatform.isZynq(HwPlatform.java:1101) [com.xilinx.sdk.hw_1.0.0.202210132147.jar:?]
	at com.xilinx.sdk.hw.internal.HwPlatform.getArchFamily(HwPlatform.java:587) [com.xilinx.sdk.hw_1.0.0.202210132147.jar:?]
	at com.xilinx.sdk.tcf.internal.debug.ui.common.BaseLaunchConfigModel.readCrossTriggerModel(BaseLaunchConfigModel.java:174) [com.xilinx.sdk.tcf.debug_1.0.0.202210132147.jar:?]
	at com.xilinx.sdk.tcf.internal.debug.ui.common.BaseLaunchConfigModel.readAndSetAttributes(BaseLaunchConfigModel.java:156) [com.xilinx.sdk.tcf.debug_1.0.0.202210132147.jar:?]
	at com.xilinx.sdx.sdsoc.debug.ui.SdsLaunchConfigModel.newInstance(SdsLaunchConfigModel.java:109) [com.xilinx.sdx.sdsoc.debug.ui_1.0.0.202210132147.jar:?]
	at com.xilinx.sdx.sdsoc.debug.launch.SdsTcfLaunchDelegate.createConfigModel(SdsTcfLaunchDelegate.java:85) [com.xilinx.sdx.sdsoc.debug_1.0.0.202210132147.jar:?]
	at com.xilinx.sdx.sdsoc.debug.launch.SdsTcfLaunchDelegate.generateReports(SdsTcfLaunchDelegate.java:641) [com.xilinx.sdx.sdsoc.debug_1.0.0.202210132147.jar:?]
	at com.xilinx.sdx.sdsoc.debug.launch.SdsTcfLaunchDelegate.onDisconnected(SdsTcfLaunchDelegate.java:615) [com.xilinx.sdx.sdsoc.debug_1.0.0.202210132147.jar:?]
	at org.eclipse.tcf.internal.debug.ui.model.TCFModelManager$1.onDisconnected(TCFModelManager.java:79) [org.eclipse.tcf.debug.ui_1.7.0.202210132147.jar:?]
	at org.eclipse.tcf.internal.debug.model.TCFLaunch.onDisconnected(TCFLaunch.java:532) [org.eclipse.tcf.debug_1.7.0.202210132147.jar:?]
	at org.eclipse.tcf.internal.debug.model.TCFLaunch$43.onChannelClosed(TCFLaunch.java:1643) [org.eclipse.tcf.debug_1.7.0.202210132147.jar:?]
	at org.eclipse.tcf.core.AbstractChannel$9.run(AbstractChannel.java:858) [org.eclipse.tcf.core_1.7.0.202210132147.jar:?]
	at org.eclipse.tcf.EventQueue.run(EventQueue.java:98) [org.eclipse.tcf_1.7.0.202210132147.jar:?]
	at java.lang.Thread.run(Thread.java:829) [?:?]
18:02:08 INFO  : Disconnected from the channel tcfchan#2.
18:02:12 INFO  : Checking for BSP changes to sync application flags for project 'syncMain'...
18:03:36 INFO  : Bit file 'E:/kevin/myCode/microBlaze1/vitisJson/syncMain/_ide/bitstream/download.bit' is generated.
18:03:36 INFO  : Connected to target on host '127.0.0.1' and port '3121'.
18:03:36 INFO  : 'targets -set -filter {jtag_cable_name =~ "Digilent JTAG-HS2 201706300081" && level==0 && jtag_device_ctx=="jsn-JTAG-HS2-201706300081-13631093-0"}' command is executed.
18:03:39 INFO  : Device configured successfully with "E:/kevin/myCode/microBlaze1/vitisJson/syncMain/_ide/bitstream/download.bit"
18:03:46 INFO  : Connected to target on host '127.0.0.1' and port '3121'.
18:05:49 INFO  : Connected to target on host '127.0.0.1' and port '3121'.
18:08:10 INFO  : Connected to target on host '127.0.0.1' and port '3121'.
18:08:32 INFO  : Invoking Bootgen: bootgen -arch fpga -image E:/kevin/myCode/microBlaze1/vitisJson/syncMain_system/_ide/flash/bootimage.bif -w -o E:/kevin/myCode/microBlaze1/vitisJson/syncMain_system/_ide/flash/BOOT.bin  -interface spi
18:08:33 INFO  : Bootgen command execution is done.
18:09:49 INFO  : Connected to target on host '127.0.0.1' and port '3121'.
18:09:54 INFO  : Invoking Bootgen: bootgen -arch fpga -image E:/kevin/myCode/microBlaze1/vitisJson/syncMain_system/_ide/flash/bootimage.bif -w -o E:/kevin/myCode/microBlaze1/vitisJson/syncMain_system/_ide/flash/BOOT.bin  -interface spi
18:09:56 INFO  : Bootgen command execution is done.
18:10:17 INFO  : Connected to target on host '127.0.0.1' and port '3121'.
18:10:29 INFO  : Invoking Bootgen: bootgen -arch fpga -image E:/kevin/myCode/microBlaze1/vitisJson/syncMain_system/_ide/flash/bootimage.bif -w -o E:/kevin/myCode/microBlaze1/vitisJson/syncMain_system/_ide/flash/BOOT.bin  -interface spi
18:10:31 INFO  : Bootgen command execution is done.
18:14:52 INFO  : Hardware specification for platform project 'syncBlaze' is updated.
18:15:10 INFO  : Result from executing command 'getProjects': syncBlaze
18:15:10 INFO  : Result from executing command 'getPlatforms': xilinx_vck190_base_202220_1|D:/Xilinx202202/Vitis/2022.2/base_platforms/xilinx_vck190_base_202220_1/xilinx_vck190_base_202220_1.xpfm;xilinx_vck190_base_dfx_202220_1|D:/Xilinx202202/Vitis/2022.2/base_platforms/xilinx_vck190_base_dfx_202220_1/xilinx_vck190_base_dfx_202220_1.xpfm;xilinx_vmk180_base_202220_1|D:/Xilinx202202/Vitis/2022.2/base_platforms/xilinx_vmk180_base_202220_1/xilinx_vmk180_base_202220_1.xpfm;xilinx_zcu102_base_202220_1|D:/Xilinx202202/Vitis/2022.2/base_platforms/xilinx_zcu102_base_202220_1/xilinx_zcu102_base_202220_1.xpfm;xilinx_zcu102_base_dfx_202220_1|D:/Xilinx202202/Vitis/2022.2/base_platforms/xilinx_zcu102_base_dfx_202220_1/xilinx_zcu102_base_dfx_202220_1.xpfm;xilinx_zcu104_base_202220_1|D:/Xilinx202202/Vitis/2022.2/base_platforms/xilinx_zcu104_base_202220_1/xilinx_zcu104_base_202220_1.xpfm
18:15:23 INFO  : Checking for BSP changes to sync application flags for project 'syncMain'...
18:15:40 INFO  : Checking for BSP changes to sync application flags for project 'syncMain'...
18:16:18 INFO  : Checking for BSP changes to sync application flags for project 'syncMain'...
18:16:33 INFO  : The hardware specification used by project 'syncMain' is out of sync with the platform. Resource files extracted from the hardware specification will be updated.
18:16:33 INFO  : The file 'E:\kevin\myCode\microBlaze1\vitisJson\syncMain\_ide\bitstream\design_1_wrapper.bit' stored in project is removed.
18:16:33 INFO  : The file 'E:\kevin\myCode\microBlaze1\vitisJson\syncMain\_ide\bitstream\design_1_wrapper.mmi' stored in project is removed.
18:16:33 INFO  : The file 'E:\kevin\myCode\microBlaze1\vitisJson\syncMain\_ide\bitstream\download.bit' stored in project is removed.
18:16:33 INFO  : The updated bitstream files are copied from platform to folder 'E:\kevin\myCode\microBlaze1\vitisJson\syncMain\_ide\bitstream' in project 'syncMain'.
18:16:33 INFO  : Connected to target on host '127.0.0.1' and port '3121'.
18:16:33 INFO  : Jtag cable 'Digilent JTAG-HS2 201706300081' is selected.
18:16:33 INFO  : 'jtag frequency' command is executed.
18:16:33 INFO  : 'targets -set -filter {jtag_cable_name =~ "Digilent JTAG-HS2 201706300081" && level==0 && jtag_device_ctx=="jsn-JTAG-HS2-201706300081-13631093-0"}' command is executed.
18:16:33 ERROR : couldn't open "E:/kevin/myCode/microBlaze1/vitisJson/syncMain/_ide/bitstream/download.bit": no such file or directory
18:16:33 ERROR : Exception occured while running Program Device.
java.lang.RuntimeException: couldn't open "E:/kevin/myCode/microBlaze1/vitisJson/syncMain/_ide/bitstream/download.bit": no such file or directory
18:16:33 INFO  : ----------------XSDB Script----------------
connect -url tcp:127.0.0.1:3121
----------------End of Script----------------

18:16:33 ERROR : couldn't open "E:/kevin/myCode/microBlaze1/vitisJson/syncMain/_ide/bitstream/download.bit": no such file or directory
18:17:13 INFO  : Connected to target on host '127.0.0.1' and port '3121'.
18:17:13 INFO  : Jtag cable 'Digilent JTAG-HS2 201706300081' is selected.
18:17:13 INFO  : 'jtag frequency' command is executed.
18:17:13 INFO  : 'targets -set -filter {jtag_cable_name =~ "Digilent JTAG-HS2 201706300081" && level==0 && jtag_device_ctx=="jsn-JTAG-HS2-201706300081-13631093-0"}' command is executed.
18:17:16 INFO  : Device configured successfully with "E:/kevin/myCode/microBlaze1/vitisJson/syncMain/_ide/bitstream/design_1_wrapper.bit"
18:17:16 INFO  : Context for processor 'microblaze_0' is selected.
18:17:16 INFO  : Hardware design and registers information is loaded from 'E:/kevin/myCode/microBlaze1/vitisJson/syncBlaze/export/syncBlaze/hw/design_1_wrapper.xsa'.
18:17:16 INFO  : 'configparams mdm-detect-bscan-mask 2' command is executed.
18:17:16 INFO  : Context for processor 'microblaze_0' is selected.
18:17:16 INFO  : System reset is completed.
18:17:19 INFO  : 'after 3000' command is executed.
18:17:19 INFO  : Context for processor 'microblaze_0' is selected.
18:17:19 INFO  : The application 'E:/kevin/myCode/microBlaze1/vitisJson/syncMain/Debug/syncMain.elf' is downloaded to processor 'microblaze_0'.
18:17:19 INFO  : ----------------XSDB Script----------------
connect -url tcp:127.0.0.1:3121
targets -set -filter {jtag_cable_name =~ "Digilent JTAG-HS2 201706300081" && level==0 && jtag_device_ctx=="jsn-JTAG-HS2-201706300081-13631093-0"}
fpga -file E:/kevin/myCode/microBlaze1/vitisJson/syncMain/_ide/bitstream/design_1_wrapper.bit
targets -set -nocase -filter {name =~ "*microblaze*#0" && bscan=="USER2" }
loadhw -hw E:/kevin/myCode/microBlaze1/vitisJson/syncBlaze/export/syncBlaze/hw/design_1_wrapper.xsa -regs
configparams mdm-detect-bscan-mask 2
targets -set -nocase -filter {name =~ "*microblaze*#0" && bscan=="USER2" }
rst -system
after 3000
targets -set -nocase -filter {name =~ "*microblaze*#0" && bscan=="USER2" }
dow E:/kevin/myCode/microBlaze1/vitisJson/syncMain/Debug/syncMain.elf
----------------End of Script----------------

18:17:19 INFO  : Context for processor 'microblaze_0' is selected.
18:17:19 INFO  : 'con' command is executed.
18:17:19 INFO  : ----------------XSDB Script (After Launch)----------------
targets -set -nocase -filter {name =~ "*microblaze*#0" && bscan=="USER2" }
con
----------------End of Script----------------

18:17:19 INFO  : Launch script is exported to file 'E:\kevin\myCode\microBlaze1\vitisJson\syncMain_system\_ide\scripts\systemdebugger_syncmain_system_standalone.tcl'
18:17:51 INFO  : Disconnected from the channel tcfchan#5.
18:17:51 INFO  : Connected to target on host '127.0.0.1' and port '3121'.
18:17:51 INFO  : Jtag cable 'Digilent JTAG-HS2 201706300081' is selected.
18:17:51 INFO  : 'jtag frequency' command is executed.
18:17:51 INFO  : 'targets -set -filter {jtag_cable_name =~ "Digilent JTAG-HS2 201706300081" && level==0 && jtag_device_ctx=="jsn-JTAG-HS2-201706300081-13631093-0"}' command is executed.
18:17:54 INFO  : Device configured successfully with "E:/kevin/myCode/microBlaze1/vitisJson/syncMain/_ide/bitstream/design_1_wrapper.bit"
18:17:54 INFO  : Context for processor 'microblaze_0' is selected.
18:17:54 INFO  : Hardware design and registers information is loaded from 'E:/kevin/myCode/microBlaze1/vitisJson/syncBlaze/export/syncBlaze/hw/design_1_wrapper.xsa'.
18:17:54 INFO  : 'configparams mdm-detect-bscan-mask 2' command is executed.
18:17:54 INFO  : Context for processor 'microblaze_0' is selected.
18:17:54 INFO  : System reset is completed.
18:17:57 INFO  : 'after 3000' command is executed.
18:17:57 INFO  : Context for processor 'microblaze_0' is selected.
18:17:58 INFO  : The application 'E:/kevin/myCode/microBlaze1/vitisJson/syncMain/Debug/syncMain.elf' is downloaded to processor 'microblaze_0'.
18:17:58 INFO  : ----------------XSDB Script----------------
connect -url tcp:127.0.0.1:3121
targets -set -filter {jtag_cable_name =~ "Digilent JTAG-HS2 201706300081" && level==0 && jtag_device_ctx=="jsn-JTAG-HS2-201706300081-13631093-0"}
fpga -file E:/kevin/myCode/microBlaze1/vitisJson/syncMain/_ide/bitstream/design_1_wrapper.bit
targets -set -nocase -filter {name =~ "*microblaze*#0" && bscan=="USER2" }
loadhw -hw E:/kevin/myCode/microBlaze1/vitisJson/syncBlaze/export/syncBlaze/hw/design_1_wrapper.xsa -regs
configparams mdm-detect-bscan-mask 2
targets -set -nocase -filter {name =~ "*microblaze*#0" && bscan=="USER2" }
rst -system
after 3000
targets -set -nocase -filter {name =~ "*microblaze*#0" && bscan=="USER2" }
dow E:/kevin/myCode/microBlaze1/vitisJson/syncMain/Debug/syncMain.elf
----------------End of Script----------------

18:17:58 INFO  : Context for processor 'microblaze_0' is selected.
18:17:58 INFO  : 'con' command is executed.
18:17:58 INFO  : ----------------XSDB Script (After Launch)----------------
targets -set -nocase -filter {name =~ "*microblaze*#0" && bscan=="USER2" }
con
----------------End of Script----------------

18:17:58 INFO  : Launch script is exported to file 'E:\kevin\myCode\microBlaze1\vitisJson\syncMain_system\_ide\scripts\systemdebugger_syncmain_system_standalone.tcl'
18:20:38 INFO  : Bit file 'E:/kevin/myCode/microBlaze1/vitisJson/syncMain/_ide/bitstream/download.bit' is generated.
18:20:38 INFO  : Connected to target on host '127.0.0.1' and port '3121'.
18:20:38 INFO  : 'targets -set -filter {jtag_cable_name =~ "Digilent JTAG-HS2 201706300081" && level==0 && jtag_device_ctx=="jsn-JTAG-HS2-201706300081-13631093-0"}' command is executed.
18:20:42 INFO  : Device configured successfully with "E:/kevin/myCode/microBlaze1/vitisJson/syncMain/_ide/bitstream/download.bit"
18:21:10 INFO  : Connected to target on host '127.0.0.1' and port '3121'.
18:21:21 INFO  : Invoking Bootgen: bootgen -arch fpga -image E:/kevin/myCode/microBlaze1/vitisJson/syncMain_system/_ide/flash/bootimage.bif -w -o E:/kevin/myCode/microBlaze1/vitisJson/syncMain_system/_ide/flash/BOOT.bin  -interface spi
18:21:23 INFO  : Bootgen command execution is done.
18:28:13 INFO  : Connected to target on host '127.0.0.1' and port '3121'.
18:28:15 INFO  : Invoking Bootgen: bootgen -arch fpga -image E:/kevin/myCode/microBlaze1/vitisJson/syncMain_system/_ide/flash/bootimage.bif -w -o E:/kevin/myCode/microBlaze1/vitisJson/syncMain_system/_ide/flash/BOOT.bin  -interface spi
18:28:17 INFO  : Bootgen command execution is done.
18:52:38 INFO  : Connected to target on host '127.0.0.1' and port '3121'.
18:52:47 ERROR : Could not retrieve Flash Part information. Could not find FPGA device on the board for connection 'Local'.


Troubleshooting hints:
1. Check whether board is connected to system properly.
2. In case of zynq board, check whether Digilent/Xilinx cable switch settings are correct.
3. If you are using Xilinx Platform Cable USB, ensure that status LED is green.
19:00:49 INFO  : Connected to target on host '127.0.0.1' and port '3121'.
19:01:10 INFO  : Invoking Bootgen: bootgen -arch fpga -image E:/kevin/myCode/microBlaze1/vitisJson/syncMain_system/_ide/flash/bootimage.bif -w -o E:/kevin/myCode/microBlaze1/vitisJson/syncMain_system/_ide/flash/BOOT.bin  -interface spi
19:01:11 INFO  : Bootgen command execution is done.
19:13:48 INFO  : Hardware specification for platform project 'syncBlaze' is updated.
19:13:58 INFO  : Result from executing command 'getProjects': syncBlaze
19:13:58 INFO  : Result from executing command 'getPlatforms': syncBlaze|E:/kevin/myCode/microBlaze1/vitisJson/syncBlaze/export/syncBlaze/syncBlaze.xpfm;xilinx_vck190_base_202220_1|D:/Xilinx202202/Vitis/2022.2/base_platforms/xilinx_vck190_base_202220_1/xilinx_vck190_base_202220_1.xpfm;xilinx_vck190_base_dfx_202220_1|D:/Xilinx202202/Vitis/2022.2/base_platforms/xilinx_vck190_base_dfx_202220_1/xilinx_vck190_base_dfx_202220_1.xpfm;xilinx_vmk180_base_202220_1|D:/Xilinx202202/Vitis/2022.2/base_platforms/xilinx_vmk180_base_202220_1/xilinx_vmk180_base_202220_1.xpfm;xilinx_zcu102_base_202220_1|D:/Xilinx202202/Vitis/2022.2/base_platforms/xilinx_zcu102_base_202220_1/xilinx_zcu102_base_202220_1.xpfm;xilinx_zcu102_base_dfx_202220_1|D:/Xilinx202202/Vitis/2022.2/base_platforms/xilinx_zcu102_base_dfx_202220_1/xilinx_zcu102_base_dfx_202220_1.xpfm;xilinx_zcu104_base_202220_1|D:/Xilinx202202/Vitis/2022.2/base_platforms/xilinx_zcu104_base_202220_1/xilinx_zcu104_base_202220_1.xpfm
19:14:02 ERROR : XSCT server calls should not be made from TCF thread.
java.lang.RuntimeException: XSCT server calls should not be made from TCF thread.
	at com.xilinx.sdk.xsdb.XSDBCommandManager.issueAndWait(XSDBCommandManager.java:392) [com.xilinx.sdk.xsdb_1.0.0.202210132147.jar:?]
	at com.xilinx.sdk.xsdb.XsdbCommandUtils.executeAndRespond(XsdbCommandUtils.java:325) [com.xilinx.sdk.xsdb_1.0.0.202210132147.jar:?]
	at com.xilinx.sdk.hw.internal.HwPlatform.dispose(HwPlatform.java:1325) [com.xilinx.sdk.hw_1.0.0.202210132147.jar:?]
	at com.xilinx.sdk.hw.internal.HwSpecFactory.removeHwSpec(HwSpecFactory.java:92) [com.xilinx.sdk.hw_1.0.0.202210132147.jar:?]
	at com.xilinx.sdk.hw.internal.HwSpecFactory.validateGetFromCache(HwSpecFactory.java:78) [com.xilinx.sdk.hw_1.0.0.202210132147.jar:?]
	at com.xilinx.sdk.hw.internal.HwSpecFactory.createHwSpec(HwSpecFactory.java:48) [com.xilinx.sdk.hw_1.0.0.202210132147.jar:?]
	at com.xilinx.sdx.sdsoc.debug.ui.SdsLaunchConfigUtil.createHwPlatform(SdsLaunchConfigUtil.java:57) [com.xilinx.sdx.sdsoc.debug.ui_1.0.0.202210132147.jar:?]
	at com.xilinx.sdx.sdsoc.debug.ui.SdsLaunchConfigModel.iniHwPlatform(SdsLaunchConfigModel.java:187) [com.xilinx.sdx.sdsoc.debug.ui_1.0.0.202210132147.jar:?]
	at com.xilinx.sdk.tcf.internal.debug.ui.common.BaseLaunchConfigModel.getHwPlatform(BaseLaunchConfigModel.java:577) [com.xilinx.sdk.tcf.debug_1.0.0.202210132147.jar:?]
	at com.xilinx.sdk.tcf.internal.debug.ui.common.BaseLaunchConfigModel.readCrossTriggerModel(BaseLaunchConfigModel.java:173) [com.xilinx.sdk.tcf.debug_1.0.0.202210132147.jar:?]
	at com.xilinx.sdk.tcf.internal.debug.ui.common.BaseLaunchConfigModel.readAndSetAttributes(BaseLaunchConfigModel.java:156) [com.xilinx.sdk.tcf.debug_1.0.0.202210132147.jar:?]
	at com.xilinx.sdx.sdsoc.debug.ui.SdsLaunchConfigModel.newInstance(SdsLaunchConfigModel.java:109) [com.xilinx.sdx.sdsoc.debug.ui_1.0.0.202210132147.jar:?]
	at com.xilinx.sdx.sdsoc.debug.launch.SdsTcfLaunchDelegate.createConfigModel(SdsTcfLaunchDelegate.java:85) [com.xilinx.sdx.sdsoc.debug_1.0.0.202210132147.jar:?]
	at com.xilinx.sdx.sdsoc.debug.launch.SdsTcfLaunchDelegate.generateReports(SdsTcfLaunchDelegate.java:641) [com.xilinx.sdx.sdsoc.debug_1.0.0.202210132147.jar:?]
	at com.xilinx.sdx.sdsoc.debug.launch.SdsTcfLaunchDelegate.onDisconnected(SdsTcfLaunchDelegate.java:615) [com.xilinx.sdx.sdsoc.debug_1.0.0.202210132147.jar:?]
	at org.eclipse.tcf.internal.debug.ui.model.TCFModelManager$1.onDisconnected(TCFModelManager.java:79) [org.eclipse.tcf.debug.ui_1.7.0.202210132147.jar:?]
	at org.eclipse.tcf.internal.debug.model.TCFLaunch.onDisconnected(TCFLaunch.java:532) [org.eclipse.tcf.debug_1.7.0.202210132147.jar:?]
	at org.eclipse.tcf.internal.debug.model.TCFLaunch$43.onChannelClosed(TCFLaunch.java:1643) [org.eclipse.tcf.debug_1.7.0.202210132147.jar:?]
	at org.eclipse.tcf.core.AbstractChannel$9.run(AbstractChannel.java:858) [org.eclipse.tcf.core_1.7.0.202210132147.jar:?]
	at org.eclipse.tcf.EventQueue.run(EventQueue.java:98) [org.eclipse.tcf_1.7.0.202210132147.jar:?]
	at java.lang.Thread.run(Thread.java:829) [?:?]
19:14:02 INFO  : Disconnected from the channel tcfchan#7.
19:14:07 INFO  : Checking for BSP changes to sync application flags for project 'syncMain'...
19:14:12 INFO  : The hardware specification used by project 'syncMain' is out of sync with the platform. Resource files extracted from the hardware specification will be updated.
19:14:12 INFO  : The file 'E:\kevin\myCode\microBlaze1\vitisJson\syncMain\_ide\bitstream\design_1_wrapper.bit' stored in project is removed.
19:14:12 INFO  : The file 'E:\kevin\myCode\microBlaze1\vitisJson\syncMain\_ide\bitstream\design_1_wrapper.mmi' stored in project is removed.
19:14:12 INFO  : The file 'E:\kevin\myCode\microBlaze1\vitisJson\syncMain\_ide\bitstream\download.bit' stored in project is removed.
19:14:12 INFO  : The updated bitstream files are copied from platform to folder 'E:\kevin\myCode\microBlaze1\vitisJson\syncMain\_ide\bitstream' in project 'syncMain'.
19:14:12 INFO  : Connected to target on host '127.0.0.1' and port '3121'.
19:14:12 INFO  : Jtag cable 'Digilent JTAG-HS2 201706300081' is selected.
19:14:12 INFO  : 'jtag frequency' command is executed.
19:14:12 INFO  : 'targets -set -filter {jtag_cable_name =~ "Digilent JTAG-HS2 201706300081" && level==0 && jtag_device_ctx=="jsn-JTAG-HS2-201706300081-13631093-0"}' command is executed.
19:14:16 INFO  : Device configured successfully with "E:/kevin/myCode/microBlaze1/vitisJson/syncMain/_ide/bitstream/design_1_wrapper.bit"
19:14:16 INFO  : Context for processor 'microblaze_0' is selected.
19:14:16 INFO  : Hardware design and registers information is loaded from 'E:/kevin/myCode/microBlaze1/vitisJson/syncBlaze/export/syncBlaze/hw/design_1_wrapper.xsa'.
19:14:16 INFO  : 'configparams mdm-detect-bscan-mask 2' command is executed.
19:14:16 INFO  : Context for processor 'microblaze_0' is selected.
19:14:16 INFO  : System reset is completed.
19:14:19 INFO  : 'after 3000' command is executed.
19:14:19 INFO  : Context for processor 'microblaze_0' is selected.
19:14:19 INFO  : The application 'E:/kevin/myCode/microBlaze1/vitisJson/syncMain/Debug/syncMain.elf' is downloaded to processor 'microblaze_0'.
19:14:19 INFO  : ----------------XSDB Script----------------
connect -url tcp:127.0.0.1:3121
targets -set -filter {jtag_cable_name =~ "Digilent JTAG-HS2 201706300081" && level==0 && jtag_device_ctx=="jsn-JTAG-HS2-201706300081-13631093-0"}
fpga -file E:/kevin/myCode/microBlaze1/vitisJson/syncMain/_ide/bitstream/design_1_wrapper.bit
targets -set -nocase -filter {name =~ "*microblaze*#0" && bscan=="USER2" }
loadhw -hw E:/kevin/myCode/microBlaze1/vitisJson/syncBlaze/export/syncBlaze/hw/design_1_wrapper.xsa -regs
configparams mdm-detect-bscan-mask 2
targets -set -nocase -filter {name =~ "*microblaze*#0" && bscan=="USER2" }
rst -system
after 3000
targets -set -nocase -filter {name =~ "*microblaze*#0" && bscan=="USER2" }
dow E:/kevin/myCode/microBlaze1/vitisJson/syncMain/Debug/syncMain.elf
----------------End of Script----------------

19:14:19 INFO  : Context for processor 'microblaze_0' is selected.
19:14:19 INFO  : 'con' command is executed.
19:14:19 INFO  : ----------------XSDB Script (After Launch)----------------
targets -set -nocase -filter {name =~ "*microblaze*#0" && bscan=="USER2" }
con
----------------End of Script----------------

19:14:19 INFO  : Launch script is exported to file 'E:\kevin\myCode\microBlaze1\vitisJson\syncMain_system\_ide\scripts\systemdebugger_syncmain_system_standalone.tcl'
19:15:43 INFO  : Bit file 'E:/kevin/myCode/microBlaze1/vitisJson/syncMain/_ide/bitstream/download.bit' is generated.
19:15:43 INFO  : Connected to target on host '127.0.0.1' and port '3121'.
19:15:43 INFO  : 'targets -set -filter {jtag_cable_name =~ "Digilent JTAG-HS2 201706300081" && level==0 && jtag_device_ctx=="jsn-JTAG-HS2-201706300081-13631093-0"}' command is executed.
19:15:47 INFO  : Device configured successfully with "E:/kevin/myCode/microBlaze1/vitisJson/syncMain/_ide/bitstream/download.bit"
19:15:59 INFO  : Connected to target on host '127.0.0.1' and port '3121'.
19:16:17 INFO  : Invoking Bootgen: bootgen -arch fpga -image E:/kevin/myCode/microBlaze1/vitisJson/syncMain_system/_ide/flash/bootimage.bif -w -o E:/kevin/myCode/microBlaze1/vitisJson/syncMain_system/_ide/flash/BOOT.bin  -interface spi
19:16:19 INFO  : Bootgen command execution is done.
19:18:26 INFO  : Connected to target on host '127.0.0.1' and port '3121'.
19:18:35 INFO  : Invoking Bootgen: bootgen -arch fpga -image E:/kevin/myCode/microBlaze1/vitisJson/syncMain_system/_ide/flash/bootimage.bif -w -o E:/kevin/myCode/microBlaze1/vitisJson/syncMain_system/_ide/flash/BOOT.bin  -interface spi
19:18:36 INFO  : Bootgen command execution is done.
19:24:22 INFO  : Connected to target on host '127.0.0.1' and port '3121'.
19:24:25 INFO  : Invoking Bootgen: bootgen -arch fpga -image E:/kevin/myCode/microBlaze1/vitisJson/syncMain_system/_ide/flash/bootimage.bif -w -o E:/kevin/myCode/microBlaze1/vitisJson/syncMain_system/_ide/flash/BOOT.bin  -interface spi
19:24:27 INFO  : Bootgen command execution is done.
15:10:20 INFO  : Hardware specification for platform project 'syncBlaze' is updated.
15:10:43 INFO  : Result from executing command 'getProjects': syncBlaze
15:10:43 INFO  : Result from executing command 'getPlatforms': xilinx_vck190_base_202220_1|D:/Xilinx202202/Vitis/2022.2/base_platforms/xilinx_vck190_base_202220_1/xilinx_vck190_base_202220_1.xpfm;xilinx_vck190_base_dfx_202220_1|D:/Xilinx202202/Vitis/2022.2/base_platforms/xilinx_vck190_base_dfx_202220_1/xilinx_vck190_base_dfx_202220_1.xpfm;xilinx_vmk180_base_202220_1|D:/Xilinx202202/Vitis/2022.2/base_platforms/xilinx_vmk180_base_202220_1/xilinx_vmk180_base_202220_1.xpfm;xilinx_zcu102_base_202220_1|D:/Xilinx202202/Vitis/2022.2/base_platforms/xilinx_zcu102_base_202220_1/xilinx_zcu102_base_202220_1.xpfm;xilinx_zcu102_base_dfx_202220_1|D:/Xilinx202202/Vitis/2022.2/base_platforms/xilinx_zcu102_base_dfx_202220_1/xilinx_zcu102_base_dfx_202220_1.xpfm;xilinx_zcu104_base_202220_1|D:/Xilinx202202/Vitis/2022.2/base_platforms/xilinx_zcu104_base_202220_1/xilinx_zcu104_base_202220_1.xpfm
15:10:53 ERROR : XSCT server calls should not be made from TCF thread.
java.lang.RuntimeException: XSCT server calls should not be made from TCF thread.
	at com.xilinx.sdk.xsdb.XSDBCommandManager.issueAndWait(XSDBCommandManager.java:392) [com.xilinx.sdk.xsdb_1.0.0.202210132147.jar:?]
	at com.xilinx.sdk.xsdb.XsdbCommandUtils.executeAndRespond(XsdbCommandUtils.java:325) [com.xilinx.sdk.xsdb_1.0.0.202210132147.jar:?]
	at com.xilinx.sdk.hw.internal.HwPlatform.dispose(HwPlatform.java:1325) [com.xilinx.sdk.hw_1.0.0.202210132147.jar:?]
	at com.xilinx.sdk.hw.internal.HwSpecFactory.removeHwSpec(HwSpecFactory.java:92) [com.xilinx.sdk.hw_1.0.0.202210132147.jar:?]
	at com.xilinx.sdk.hw.internal.HwSpecFactory.validateGetFromCache(HwSpecFactory.java:78) [com.xilinx.sdk.hw_1.0.0.202210132147.jar:?]
	at com.xilinx.sdk.hw.internal.HwSpecFactory.createHwSpec(HwSpecFactory.java:48) [com.xilinx.sdk.hw_1.0.0.202210132147.jar:?]
	at com.xilinx.sdx.sdsoc.debug.ui.SdsLaunchConfigUtil.createHwPlatform(SdsLaunchConfigUtil.java:57) [com.xilinx.sdx.sdsoc.debug.ui_1.0.0.202210132147.jar:?]
	at com.xilinx.sdx.sdsoc.debug.ui.SdsLaunchConfigModel.iniHwPlatform(SdsLaunchConfigModel.java:187) [com.xilinx.sdx.sdsoc.debug.ui_1.0.0.202210132147.jar:?]
	at com.xilinx.sdk.tcf.internal.debug.ui.common.BaseLaunchConfigModel.getHwPlatform(BaseLaunchConfigModel.java:577) [com.xilinx.sdk.tcf.debug_1.0.0.202210132147.jar:?]
	at com.xilinx.sdk.tcf.internal.debug.ui.common.BaseLaunchConfigModel.readCrossTriggerModel(BaseLaunchConfigModel.java:173) [com.xilinx.sdk.tcf.debug_1.0.0.202210132147.jar:?]
	at com.xilinx.sdk.tcf.internal.debug.ui.common.BaseLaunchConfigModel.readAndSetAttributes(BaseLaunchConfigModel.java:156) [com.xilinx.sdk.tcf.debug_1.0.0.202210132147.jar:?]
	at com.xilinx.sdx.sdsoc.debug.ui.SdsLaunchConfigModel.newInstance(SdsLaunchConfigModel.java:109) [com.xilinx.sdx.sdsoc.debug.ui_1.0.0.202210132147.jar:?]
	at com.xilinx.sdx.sdsoc.debug.launch.SdsTcfLaunchDelegate.createConfigModel(SdsTcfLaunchDelegate.java:85) [com.xilinx.sdx.sdsoc.debug_1.0.0.202210132147.jar:?]
	at com.xilinx.sdx.sdsoc.debug.launch.SdsTcfLaunchDelegate.generateReports(SdsTcfLaunchDelegate.java:641) [com.xilinx.sdx.sdsoc.debug_1.0.0.202210132147.jar:?]
	at com.xilinx.sdx.sdsoc.debug.launch.SdsTcfLaunchDelegate.onDisconnected(SdsTcfLaunchDelegate.java:615) [com.xilinx.sdx.sdsoc.debug_1.0.0.202210132147.jar:?]
	at org.eclipse.tcf.internal.debug.ui.model.TCFModelManager$1.onDisconnected(TCFModelManager.java:79) [org.eclipse.tcf.debug.ui_1.7.0.202210132147.jar:?]
	at org.eclipse.tcf.internal.debug.model.TCFLaunch.onDisconnected(TCFLaunch.java:532) [org.eclipse.tcf.debug_1.7.0.202210132147.jar:?]
	at org.eclipse.tcf.internal.debug.model.TCFLaunch$43.onChannelClosed(TCFLaunch.java:1643) [org.eclipse.tcf.debug_1.7.0.202210132147.jar:?]
	at org.eclipse.tcf.core.AbstractChannel$9.run(AbstractChannel.java:858) [org.eclipse.tcf.core_1.7.0.202210132147.jar:?]
	at org.eclipse.tcf.EventQueue.run(EventQueue.java:98) [org.eclipse.tcf_1.7.0.202210132147.jar:?]
	at java.lang.Thread.run(Thread.java:829) [?:?]
15:10:53 INFO  : Disconnected from the channel tcfchan#9.
15:10:55 INFO  : The hardware specification used by project 'syncMain' is out of sync with the platform. Resource files extracted from the hardware specification will be updated.
15:10:55 INFO  : The file 'E:\kevin\myCode\microBlaze1\vitisJson\syncMain\_ide\bitstream\design_1_wrapper.bit' stored in project is removed.
15:10:55 INFO  : The file 'E:\kevin\myCode\microBlaze1\vitisJson\syncMain\_ide\bitstream\design_1_wrapper.mmi' stored in project is removed.
15:10:55 INFO  : The file 'E:\kevin\myCode\microBlaze1\vitisJson\syncMain\_ide\bitstream\download.bit' stored in project is removed.
15:10:55 INFO  : The updated bitstream files are copied from platform to folder 'E:\kevin\myCode\microBlaze1\vitisJson\syncMain\_ide\bitstream' in project 'syncMain'.
15:10:55 INFO  : Connected to target on host '127.0.0.1' and port '3121'.
15:10:56 INFO  : Jtag cable 'Digilent JTAG-HS2 201706300081' is selected.
15:10:56 INFO  : 'jtag frequency' command is executed.
15:10:59 ERROR : no targets found with "jtag_cable_name =~ "Digilent JTAG-HS2 201706300081" && level==0 && jtag_device_ctx=="jsn-JTAG-HS2-201706300081-13631093-0"". available targets:
  1  xc7a200t
     2  MicroBlaze Debug Module at USER2
        3  MicroBlaze #0 (Running)
15:10:59 ERROR : Exception occured while running Program Device.
java.lang.RuntimeException: no targets found with "jtag_cable_name =~ "Digilent JTAG-HS2 201706300081" && level==0 && jtag_device_ctx=="jsn-JTAG-HS2-201706300081-13631093-0"". available targets:
  1  xc7a200t
     2  MicroBlaze Debug Module at USER2
        3  MicroBlaze #0 (Running)
15:10:59 INFO  : ----------------XSDB Script----------------
connect -url tcp:127.0.0.1:3121
----------------End of Script----------------

15:10:59 ERROR : no targets found with "jtag_cable_name =~ "Digilent JTAG-HS2 201706300081" && level==0 && jtag_device_ctx=="jsn-JTAG-HS2-201706300081-13631093-0"". available targets:
  1  xc7a200t
     2  MicroBlaze Debug Module at USER2
        3  MicroBlaze #0 (Running)
15:11:05 INFO  : Checking for BSP changes to sync application flags for project 'syncMain'...
15:11:09 INFO  : Connected to target on host '127.0.0.1' and port '3121'.
15:11:09 INFO  : Jtag cable 'Digilent JTAG-HS2 201706300081' is selected.
15:11:09 INFO  : 'jtag frequency' command is executed.
15:11:12 ERROR : no targets found with "jtag_cable_name =~ "Digilent JTAG-HS2 201706300081" && level==0 && jtag_device_ctx=="jsn-JTAG-HS2-201706300081-13631093-0"". available targets:
  1  xc7a200t
     2  MicroBlaze Debug Module at USER2
        3  MicroBlaze #0 (Running)
15:11:12 ERROR : Exception occured while running Program Device.
java.lang.RuntimeException: no targets found with "jtag_cable_name =~ "Digilent JTAG-HS2 201706300081" && level==0 && jtag_device_ctx=="jsn-JTAG-HS2-201706300081-13631093-0"". available targets:
  1  xc7a200t
     2  MicroBlaze Debug Module at USER2
        3  MicroBlaze #0 (Running)
15:11:12 INFO  : ----------------XSDB Script----------------
connect -url tcp:127.0.0.1:3121
----------------End of Script----------------

15:11:12 ERROR : no targets found with "jtag_cable_name =~ "Digilent JTAG-HS2 201706300081" && level==0 && jtag_device_ctx=="jsn-JTAG-HS2-201706300081-13631093-0"". available targets:
  1  xc7a200t
     2  MicroBlaze Debug Module at USER2
        3  MicroBlaze #0 (Running)
15:11:28 INFO  : Connected to target on host '127.0.0.1' and port '3121'.
15:11:28 INFO  : Jtag cable 'Digilent JTAG-HS2 201706300081' is selected.
15:11:28 INFO  : 'jtag frequency' command is executed.
15:11:32 ERROR : no targets found with "jtag_cable_name =~ "Digilent JTAG-HS2 201706300081" && level==0 && jtag_device_ctx=="jsn-JTAG-HS2-201706300081-13631093-0"". available targets:
  1  xc7a200t
     2  MicroBlaze Debug Module at USER2
        3  MicroBlaze #0 (Running)
15:11:32 ERROR : Exception occured while running Program Device.
java.lang.RuntimeException: no targets found with "jtag_cable_name =~ "Digilent JTAG-HS2 201706300081" && level==0 && jtag_device_ctx=="jsn-JTAG-HS2-201706300081-13631093-0"". available targets:
  1  xc7a200t
     2  MicroBlaze Debug Module at USER2
        3  MicroBlaze #0 (Running)
15:11:32 INFO  : ----------------XSDB Script----------------
connect -url tcp:127.0.0.1:3121
----------------End of Script----------------

15:11:32 ERROR : no targets found with "jtag_cable_name =~ "Digilent JTAG-HS2 201706300081" && level==0 && jtag_device_ctx=="jsn-JTAG-HS2-201706300081-13631093-0"". available targets:
  1  xc7a200t
     2  MicroBlaze Debug Module at USER2
        3  MicroBlaze #0 (Running)
15:11:48 INFO  : Checking for BSP changes to sync application flags for project 'syncMain'...
15:12:09 INFO  : Connected to target on host '127.0.0.1' and port '3121'.
15:12:10 INFO  : Jtag cable 'Digilent JTAG-HS2 201706300081' is selected.
15:12:10 INFO  : 'jtag frequency' command is executed.
15:12:13 ERROR : no targets found with "jtag_cable_name =~ "Digilent JTAG-HS2 201706300081" && level==0 && jtag_device_ctx=="jsn-JTAG-HS2-201706300081-13631093-0"". available targets:
  1  xc7a200t
     2  MicroBlaze Debug Module at USER2
        3  MicroBlaze #0 (Running)
15:12:13 ERROR : Exception occured while running Program Device.
java.lang.RuntimeException: no targets found with "jtag_cable_name =~ "Digilent JTAG-HS2 201706300081" && level==0 && jtag_device_ctx=="jsn-JTAG-HS2-201706300081-13631093-0"". available targets:
  1  xc7a200t
     2  MicroBlaze Debug Module at USER2
        3  MicroBlaze #0 (Running)
15:12:13 INFO  : ----------------XSDB Script----------------
connect -url tcp:127.0.0.1:3121
----------------End of Script----------------

15:12:13 ERROR : no targets found with "jtag_cable_name =~ "Digilent JTAG-HS2 201706300081" && level==0 && jtag_device_ctx=="jsn-JTAG-HS2-201706300081-13631093-0"". available targets:
  1  xc7a200t
     2  MicroBlaze Debug Module at USER2
        3  MicroBlaze #0 (Running)
15:13:04 INFO  : Hardware specification for platform project 'syncBlaze' is updated.
15:13:17 INFO  : Result from executing command 'getProjects': syncBlaze
15:13:17 INFO  : Result from executing command 'getPlatforms': xilinx_vck190_base_202220_1|D:/Xilinx202202/Vitis/2022.2/base_platforms/xilinx_vck190_base_202220_1/xilinx_vck190_base_202220_1.xpfm;xilinx_vck190_base_dfx_202220_1|D:/Xilinx202202/Vitis/2022.2/base_platforms/xilinx_vck190_base_dfx_202220_1/xilinx_vck190_base_dfx_202220_1.xpfm;xilinx_vmk180_base_202220_1|D:/Xilinx202202/Vitis/2022.2/base_platforms/xilinx_vmk180_base_202220_1/xilinx_vmk180_base_202220_1.xpfm;xilinx_zcu102_base_202220_1|D:/Xilinx202202/Vitis/2022.2/base_platforms/xilinx_zcu102_base_202220_1/xilinx_zcu102_base_202220_1.xpfm;xilinx_zcu102_base_dfx_202220_1|D:/Xilinx202202/Vitis/2022.2/base_platforms/xilinx_zcu102_base_dfx_202220_1/xilinx_zcu102_base_dfx_202220_1.xpfm;xilinx_zcu104_base_202220_1|D:/Xilinx202202/Vitis/2022.2/base_platforms/xilinx_zcu104_base_202220_1/xilinx_zcu104_base_202220_1.xpfm
15:15:26 DEBUG : Logs will be stored at 'E:/kevin/myCode/microBlaze1/vitisJson/IDE.log'.
15:15:27 INFO  : Launching XSCT server: xsct.bat -n  -interactive E:\kevin\myCode\microBlaze1\vitisJson\temp_xsdb_launch_script.tcl
15:15:29 INFO  : XSCT server has started successfully.
15:15:29 INFO  : Successfully done setting XSCT server connection channel  
15:15:29 INFO  : plnx-install-location is set to ''
15:15:29 INFO  : Successfully done setting workspace for the tool. 
15:15:31 INFO  : Registering command handlers for Vitis TCF services
15:15:31 INFO  : Platform repository initialization has completed.
15:15:44 INFO  : Successfully done query RDI_DATADIR 
15:15:57 INFO  : Connected to target on host '127.0.0.1' and port '3121'.
15:15:58 INFO  : Jtag cable 'Digilent JTAG-HS2 201706300081' is selected.
15:15:58 INFO  : 'jtag frequency' command is executed.
15:16:01 ERROR : no targets found with "jtag_cable_name =~ "Digilent JTAG-HS2 201706300081" && level==0 && jtag_device_ctx=="jsn-JTAG-HS2-201706300081-13631093-0"". available targets:
  1  xc7a200t
     2  MicroBlaze Debug Module at USER2
        3  MicroBlaze #0 (Running)
15:16:01 ERROR : Exception occured while running Program Device.
java.lang.RuntimeException: no targets found with "jtag_cable_name =~ "Digilent JTAG-HS2 201706300081" && level==0 && jtag_device_ctx=="jsn-JTAG-HS2-201706300081-13631093-0"". available targets:
  1  xc7a200t
     2  MicroBlaze Debug Module at USER2
        3  MicroBlaze #0 (Running)
15:16:01 INFO  : ----------------XSDB Script----------------
connect -url tcp:127.0.0.1:3121
----------------End of Script----------------

15:16:01 ERROR : no targets found with "jtag_cable_name =~ "Digilent JTAG-HS2 201706300081" && level==0 && jtag_device_ctx=="jsn-JTAG-HS2-201706300081-13631093-0"". available targets:
  1  xc7a200t
     2  MicroBlaze Debug Module at USER2
        3  MicroBlaze #0 (Running)
15:17:11 INFO  : Connected to target on host '127.0.0.1' and port '3121'.
15:17:11 INFO  : Jtag cable 'Digilent JTAG-HS2 201706300081' is selected.
15:17:11 INFO  : 'jtag frequency' command is executed.
15:17:14 ERROR : no targets found with "jtag_cable_name =~ "Digilent JTAG-HS2 201706300081" && level==0 && jtag_device_ctx=="jsn-JTAG-HS2-201706300081-13631093-0"". available targets:
  1  xc7a200t
     2  MicroBlaze Debug Module at USER2
        3  MicroBlaze #0 (Running)
15:17:14 ERROR : Exception occured while running Program Device.
java.lang.RuntimeException: no targets found with "jtag_cable_name =~ "Digilent JTAG-HS2 201706300081" && level==0 && jtag_device_ctx=="jsn-JTAG-HS2-201706300081-13631093-0"". available targets:
  1  xc7a200t
     2  MicroBlaze Debug Module at USER2
        3  MicroBlaze #0 (Running)
15:17:14 INFO  : ----------------XSDB Script----------------
connect -url tcp:127.0.0.1:3121
----------------End of Script----------------

15:17:14 ERROR : no targets found with "jtag_cable_name =~ "Digilent JTAG-HS2 201706300081" && level==0 && jtag_device_ctx=="jsn-JTAG-HS2-201706300081-13631093-0"". available targets:
  1  xc7a200t
     2  MicroBlaze Debug Module at USER2
        3  MicroBlaze #0 (Running)
15:17:42 INFO  : Connected to target on host '127.0.0.1' and port '3121'.
15:17:56 INFO  : Connected to target on host '127.0.0.1' and port '3121'.
15:27:23 INFO  : Checking for BSP changes to sync application flags for project 'syncMain'...
15:27:35 INFO  : Connected to target on host '127.0.0.1' and port '3121'.
15:27:35 INFO  : Jtag cable 'Digilent JTAG-HS2 201706300081' is selected.
15:27:35 INFO  : 'jtag frequency' command is executed.
15:27:38 ERROR : no targets found with "jtag_cable_name =~ "Digilent JTAG-HS2 201706300081" && level==0 && jtag_device_ctx=="jsn-JTAG-HS2-201706300081-13631093-0"". available targets:
  1  xc7a200t
     2  MicroBlaze Debug Module at USER2
        3  MicroBlaze #0 (Running)
15:27:38 ERROR : Exception occured while running Program Device.
java.lang.RuntimeException: no targets found with "jtag_cable_name =~ "Digilent JTAG-HS2 201706300081" && level==0 && jtag_device_ctx=="jsn-JTAG-HS2-201706300081-13631093-0"". available targets:
  1  xc7a200t
     2  MicroBlaze Debug Module at USER2
        3  MicroBlaze #0 (Running)
15:27:38 INFO  : ----------------XSDB Script----------------
connect -url tcp:127.0.0.1:3121
----------------End of Script----------------

15:27:38 ERROR : no targets found with "jtag_cable_name =~ "Digilent JTAG-HS2 201706300081" && level==0 && jtag_device_ctx=="jsn-JTAG-HS2-201706300081-13631093-0"". available targets:
  1  xc7a200t
     2  MicroBlaze Debug Module at USER2
        3  MicroBlaze #0 (Running)
15:29:17 INFO  : Connected to target on host '127.0.0.1' and port '3121'.
15:29:17 INFO  : Jtag cable 'Digilent JTAG-HS2 201706300081' is selected.
15:29:17 INFO  : 'jtag frequency' command is executed.
15:29:20 ERROR : no targets found with "jtag_cable_name =~ "Digilent JTAG-HS2 201706300081" && level==0 && jtag_device_ctx=="jsn-JTAG-HS2-201706300081-13631093-0"". available targets:
  1  xc7a200t
     2  MicroBlaze Debug Module at USER2
        3  MicroBlaze #0 (Running)
15:29:20 ERROR : Exception occured while running Program Device.
java.lang.RuntimeException: no targets found with "jtag_cable_name =~ "Digilent JTAG-HS2 201706300081" && level==0 && jtag_device_ctx=="jsn-JTAG-HS2-201706300081-13631093-0"". available targets:
  1  xc7a200t
     2  MicroBlaze Debug Module at USER2
        3  MicroBlaze #0 (Running)
15:29:20 INFO  : ----------------XSDB Script----------------
connect -url tcp:127.0.0.1:3121
----------------End of Script----------------

15:29:20 ERROR : no targets found with "jtag_cable_name =~ "Digilent JTAG-HS2 201706300081" && level==0 && jtag_device_ctx=="jsn-JTAG-HS2-201706300081-13631093-0"". available targets:
  1  xc7a200t
     2  MicroBlaze Debug Module at USER2
        3  MicroBlaze #0 (Running)
15:30:25 INFO  : Hardware specification for platform project 'syncBlaze' is updated.
15:30:35 INFO  : Result from executing command 'removePlatformRepo': 
15:30:44 INFO  : Result from executing command 'getProjects': syncBlaze
15:30:44 INFO  : Result from executing command 'getPlatforms': xilinx_vck190_base_202220_1|D:/Xilinx202202/Vitis/2022.2/base_platforms/xilinx_vck190_base_202220_1/xilinx_vck190_base_202220_1.xpfm;xilinx_vck190_base_dfx_202220_1|D:/Xilinx202202/Vitis/2022.2/base_platforms/xilinx_vck190_base_dfx_202220_1/xilinx_vck190_base_dfx_202220_1.xpfm;xilinx_vmk180_base_202220_1|D:/Xilinx202202/Vitis/2022.2/base_platforms/xilinx_vmk180_base_202220_1/xilinx_vmk180_base_202220_1.xpfm;xilinx_zcu102_base_202220_1|D:/Xilinx202202/Vitis/2022.2/base_platforms/xilinx_zcu102_base_202220_1/xilinx_zcu102_base_202220_1.xpfm;xilinx_zcu102_base_dfx_202220_1|D:/Xilinx202202/Vitis/2022.2/base_platforms/xilinx_zcu102_base_dfx_202220_1/xilinx_zcu102_base_dfx_202220_1.xpfm;xilinx_zcu104_base_202220_1|D:/Xilinx202202/Vitis/2022.2/base_platforms/xilinx_zcu104_base_202220_1/xilinx_zcu104_base_202220_1.xpfm
15:32:51 INFO  : Checking for BSP changes to sync application flags for project 'syncMain'...
15:33:46 INFO  : The hardware specification used by project 'syncMain' is out of sync with the platform. Resource files extracted from the hardware specification will be updated.
15:33:46 INFO  : The file 'E:\kevin\myCode\microBlaze1\vitisJson\syncMain\_ide\bitstream\design_1_wrapper.bit' stored in project is removed.
15:33:46 INFO  : The file 'E:\kevin\myCode\microBlaze1\vitisJson\syncMain\_ide\bitstream\design_1_wrapper.mmi' stored in project is removed.
15:33:46 INFO  : The updated bitstream files are copied from platform to folder 'E:\kevin\myCode\microBlaze1\vitisJson\syncMain\_ide\bitstream' in project 'syncMain'.
15:33:46 INFO  : Connected to target on host '127.0.0.1' and port '3121'.
15:33:46 INFO  : Jtag cable 'Digilent JTAG-HS2 201706300081' is selected.
15:33:46 INFO  : 'jtag frequency' command is executed.
15:33:49 ERROR : no targets found with "jtag_cable_name =~ "Digilent JTAG-HS2 201706300081" && level==0 && jtag_device_ctx=="jsn-JTAG-HS2-201706300081-13631093-0"". available targets:
  1  xc7a200t
     2  MicroBlaze Debug Module at USER2
        3  MicroBlaze #0 (Running)
  4  whole scan chain (DR shift through all zeroes)
15:33:49 ERROR : Exception occured while running Program Device.
java.lang.RuntimeException: no targets found with "jtag_cable_name =~ "Digilent JTAG-HS2 201706300081" && level==0 && jtag_device_ctx=="jsn-JTAG-HS2-201706300081-13631093-0"". available targets:
  1  xc7a200t
     2  MicroBlaze Debug Module at USER2
        3  MicroBlaze #0 (Running)
  4  whole scan chain (DR shift through all zeroes)
15:33:49 INFO  : ----------------XSDB Script----------------
connect -url tcp:127.0.0.1:3121
----------------End of Script----------------

15:33:49 ERROR : no targets found with "jtag_cable_name =~ "Digilent JTAG-HS2 201706300081" && level==0 && jtag_device_ctx=="jsn-JTAG-HS2-201706300081-13631093-0"". available targets:
  1  xc7a200t
     2  MicroBlaze Debug Module at USER2
        3  MicroBlaze #0 (Running)
  4  whole scan chain (DR shift through all zeroes)
