01:54:11 **** Incremental Build of configuration Debug for project syncMain ****
make all 
'Building file: ../src/helloworld.c'
'Invoking: MicroBlaze gcc compiler'
mb-gcc -Wall -O0 -g3 -c -fmessage-length=0 -MT"src/helloworld.o" -IE:/kevin/myCode/microBlaze1/vitis/syncMicroBlaze/export/syncMicroBlaze/sw/syncMicroBlaze/standalone_domain/bspinclude/include -mlittle-endian -mcpu=v11.0 -mxl-soft-mul -Wl,--no-relax -ffunction-sections -fdata-sections -MMD -MP -MF"src/helloworld.d" -MT"src/helloworld.o" -o "src/helloworld.o" "../src/helloworld.c"
In file included from ../src/helloworld.c:7:
E:/kevin/myCode/microBlaze1/vitis/syncMicroBlaze/export/syncMicroBlaze/sw/syncMicroBlaze/standalone_domain/bspinclude/include/xbasic_types.h:102:2: warning: #warning The xbasics_type.h file is deprecated and users should use xil_types.h and xil_assert. [-Wcpp]
  102 | #warning  The xbasics_type.h file is deprecated and users should use xil_types.h and xil_assert.
      |  ^~~~~~~
E:/kevin/myCode/microBlaze1/vitis/syncMicroBlaze/export/syncMicroBlaze/sw/syncMicroBlaze/standalone_domain/bspinclude/include/xbasic_types.h:103:2: warning: #warning Please refer the Standalone BSP UG647 for further details [-Wcpp]
  103 | #warning  Please refer the Standalone BSP UG647 for further details
      |  ^~~~~~~
../src/helloworld.c: In function 'ud485RxPrg':
../src/helloworld.c:532:13: warning: unused variable 'para3' [-Wunused-variable]
  532 |         u16 para3 = getBufferWord(&inx, udp->rxBuffer);
      |             ^~~~~
../src/helloworld.c:531:13: warning: unused variable 'para2' [-Wunused-variable]
  531 |         u16 para2 = getBufferWord(&inx, udp->rxBuffer);
      |             ^~~~~
../src/helloworld.c:530:13: warning: unused variable 'para1' [-Wunused-variable]
  530 |         u16 para1 = getBufferWord(&inx, udp->rxBuffer);
      |             ^~~~~
../src/helloworld.c:527:13: warning: unused variable 'len' [-Wunused-variable]
  527 |         u16 len = getBufferWord(&inx, udp->rxBuffer);
      |             ^~~
../src/helloworld.c: In function 'udIpcRxPrg':
../src/helloworld.c:621:21: warning: unused variable 'cmdLen' [-Wunused-variable]
  621 |                 u16 cmdLen = getBufferWord(&inx, udp->rxBuffer);
      |                     ^~~~~~
At top level:
../src/helloworld.c:418:18: warning: 'uart6Obj' defined but not used [-Wunused-variable]
  418 | static XUartLite uart6Obj;
      |                  ^~~~~~~~
../src/helloworld.c:417:18: warning: 'uart5Obj' defined but not used [-Wunused-variable]
  417 | static XUartLite uart5Obj;
      |                  ^~~~~~~~
../src/helloworld.c:416:18: warning: 'uart4Obj' defined but not used [-Wunused-variable]
  416 | static XUartLite uart4Obj;
      |                  ^~~~~~~~
../src/helloworld.c:415:18: warning: 'uart3Obj' defined but not used [-Wunused-variable]
  415 | static XUartLite uart3Obj;
      |                  ^~~~~~~~
../src/helloworld.c:414:18: warning: 'uart2Obj' defined but not used [-Wunused-variable]
  414 | static XUartLite uart2Obj;
      |                  ^~~~~~~~
'Finished building: ../src/helloworld.c'
' '
'Building target: syncMain.elf'
'Invoking: MicroBlaze gcc linker'
mb-gcc -Wl,-T -Wl,../src/lscript.ld -LE:/kevin/myCode/microBlaze1/vitis/syncMicroBlaze/export/syncMicroBlaze/sw/syncMicroBlaze/standalone_domain/bsplib/lib -mlittle-endian -mcpu=v11.0 -mxl-soft-mul -Wl,--no-relax -Wl,--gc-sections -o "syncMain.elf"  ./src/helloworld.o ./src/platform.o   -Wl,--start-group,-lxil,-lgcc,-lc,--end-group
'Finished building target: syncMain.elf'
' '
'Invoking: MicroBlaze Print Size'
mb-size syncMain.elf  |tee "syncMain.elf.size"
   text	   data	    bss	    dec	    hex	filename
  28408	    548	  17876	  46832	   b6f0	syncMain.elf
'Finished building: syncMain.elf.size'
' '

01:54:12 Build Finished (took 619ms)

