Nothing to build in platform 'syncBlaze'

18:25:47 **** Incremental Build of configuration Debug for project syncMain ****
make all 
'Building file: ../src/helloworld.c'
'Invoking: MicroBlaze gcc compiler'
mb-gcc -Wall -O0 -g3 -c -fmessage-length=0 -MT"src/helloworld.o" -IE:/kevin/myCode/microBlaze1/vitisJson/syncBlaze/export/syncBlaze/sw/syncBlaze/standalone_domain/bspinclude/include -mlittle-endian -mcpu=v11.0 -mxl-soft-mul -Wl,--no-relax -ffunction-sections -fdata-sections -MMD -MP -MF"src/helloworld.d" -MT"src/helloworld.o" -o "src/helloworld.o" "../src/helloworld.c"
In file included from ../src/helloworld.c:28:
E:/kevin/myCode/microBlaze1/vitisJson/syncBlaze/export/syncBlaze/sw/syncBlaze/standalone_domain/bspinclude/include/xbasic_types.h:102:2: warning: #warning The xbasics_type.h file is deprecated and users should use xil_types.h and xil_assert. [-Wcpp]
  102 | #warning  The xbasics_type.h file is deprecated and users should use xil_types.h and xil_assert.
      |  ^~~~~~~
E:/kevin/myCode/microBlaze1/vitisJson/syncBlaze/export/syncBlaze/sw/syncBlaze/standalone_domain/bspinclude/include/xbasic_types.h:103:2: warning: #warning Please refer the Standalone BSP UG647 for further details [-Wcpp]
  103 | #warning  Please refer the Standalone BSP UG647 for further details
      |  ^~~~~~~
../src/helloworld.c: In function 'ud485RxPrg':
../src/helloworld.c:638:29: warning: unused variable 'kkk' [-Wunused-variable]
  638 |                         int kkk=serialId;
      |                             ^~~
../src/helloworld.c:628:13: warning: unused variable 'para2' [-Wunused-variable]
  628 |         u16 para2 = getBufferWord(&inx, udp->rxBuffer);
      |             ^~~~~
../src/helloworld.c:627:13: warning: unused variable 'para1' [-Wunused-variable]
  627 |         u16 para1 = getBufferWord(&inx, udp->rxBuffer);
      |             ^~~~~
../src/helloworld.c:624:13: warning: unused variable 'len' [-Wunused-variable]
  624 |         u16 len = getBufferWord(&inx, udp->rxBuffer);
      |             ^~~
../src/helloworld.c: In function 'udUartRxPrg':
../src/helloworld.c:728:13: warning: unused variable 'para3' [-Wunused-variable]
  728 |         u16 para3 = getBufferWord(&inx, udp->rxBuffer);
      |             ^~~~~
../src/helloworld.c:727:13: warning: unused variable 'para2' [-Wunused-variable]
  727 |         u16 para2 = getBufferWord(&inx, udp->rxBuffer);
      |             ^~~~~
../src/helloworld.c:726:13: warning: unused variable 'para1' [-Wunused-variable]
  726 |         u16 para1 = getBufferWord(&inx, udp->rxBuffer);
      |             ^~~~~
../src/helloworld.c:724:13: warning: unused variable 'cmd' [-Wunused-variable]
  724 |         u16 cmd = getBufferWord(&inx, udp->rxBuffer);
      |             ^~~
../src/helloworld.c:723:13: warning: unused variable 'cmdLen' [-Wunused-variable]
  723 |         u16 cmdLen = getBufferWord(&inx, udp->rxBuffer);
      |             ^~~~~~
../src/helloworld.c: In function 'udIpcRxPrg':
../src/helloworld.c:794:21: warning: unused variable 'cmdLen' [-Wunused-variable]
  794 |                 u16 cmdLen = getBufferWord(&inx, udp->rxBuffer);
      |                     ^~~~~~
../src/helloworld.c: In function 'transBram':
../src/helloworld.c:1223:13: warning: unused variable 'debug' [-Wunused-variable]
 1223 |         int debug;
      |             ^~~~~
../src/helloworld.c: In function 'main':
../src/helloworld.c:1489:13: warning: unused variable 'ibuf' [-Wunused-variable]
 1489 |         int ibuf;
      |             ^~~~
../src/helloworld.c: In function 'memTxPrg':
../src/helloworld.c:1757:24: warning: 'return' with a value, in function returning void [-Wreturn-type]
 1757 |                 return 0;
      |                        ^
../src/helloworld.c:1748:6: note: declared here
 1748 | void memTxPrg(UartData *udp){
      |      ^~~~~~~~
../src/helloworld.c: In function 'timerPrg0':
../src/helloworld.c:2005:25: warning: implicit declaration of function 'loadTickMeter'; did you mean 'loadTickCtr'? [-Wimplicit-function-declaration]
 2005 |                         loadTickMeter(&udUart[0]);
      |                         ^~~~~~~~~~~~~
      |                         loadTickCtr
../src/helloworld.c: In function 'loadTickDrv':
../src/helloworld.c:2273:13: warning: unused variable 'ibuf' [-Wunused-variable]
 2273 |         int ibuf;
      |             ^~~~
../src/helloworld.c: At top level:
../src/helloworld.c:2335:6: warning: conflicting types for 'loadTickMeter'; have 'void()'
 2335 | void loadTickMeter(){
      |      ^~~~~~~~~~~~~
../src/helloworld.c:2005:25: note: previous implicit declaration of 'loadTickMeter' with type 'void()'
 2005 |                         loadTickMeter(&udUart[0]);
      |                         ^~~~~~~~~~~~~
../src/helloworld.c: In function 'loadTickMeter':
../src/helloworld.c:2336:13: warning: unused variable 'ibuf' [-Wunused-variable]
 2336 |         int ibuf;
      |             ^~~~
'Finished building: ../src/helloworld.c'
' '
'Building target: syncMain.elf'
'Invoking: MicroBlaze gcc linker'
mb-gcc -Wl,-T -Wl,../src/lscript.ld -LE:/kevin/myCode/microBlaze1/vitisJson/syncBlaze/export/syncBlaze/sw/syncBlaze/standalone_domain/bsplib/lib -mlittle-endian -mcpu=v11.0 -mxl-soft-mul -Wl,--no-relax -Wl,--gc-sections -o "syncMain.elf"  ./src/helloworld.o ./src/platform.o   -Wl,--start-group,-lxil,-lgcc,-lc,--end-group
'Finished building target: syncMain.elf'
' '
'Invoking: MicroBlaze Print Size'
mb-size syncMain.elf  |tee "syncMain.elf.size"
   text	   data	    bss	    dec	    hex	filename
  43552	    492	  42284	  86328	  15138	syncMain.elf
'Finished building: syncMain.elf.size'
' '
