Nothing to build in platform 'syncBlaze'

16:18:14 **** Incremental Build of configuration Debug for project syncMain ****
make all 
'Building file: ../src/helloworld.c'
'Invoking: MicroBlaze gcc compiler'
mb-gcc -Wall -O0 -g3 -c -fmessage-length=0 -MT"src/helloworld.o" -IE:/kevin/myCode/microBlaze1/vitisJson/syncBlaze/export/syncBlaze/sw/syncBlaze/standalone_domain/bspinclude/include -mlittle-endian -mcpu=v11.0 -mxl-soft-mul -Wl,--no-relax -ffunction-sections -fdata-sections -MMD -MP -MF"src/helloworld.d" -MT"src/helloworld.o" -o "src/helloworld.o" "../src/helloworld.c"
In file included from ../src/helloworld.c:7:
E:/kevin/myCode/microBlaze1/vitisJson/syncBlaze/export/syncBlaze/sw/syncBlaze/standalone_domain/bspinclude/include/xbasic_types.h:102:2: warning: #warning The xbasics_type.h file is deprecated and users should use xil_types.h and xil_assert. [-Wcpp]
  102 | #warning  The xbasics_type.h file is deprecated and users should use xil_types.h and xil_assert.
      |  ^~~~~~~
E:/kevin/myCode/microBlaze1/vitisJson/syncBlaze/export/syncBlaze/sw/syncBlaze/standalone_domain/bspinclude/include/xbasic_types.h:103:2: warning: #warning Please refer the Standalone BSP UG647 for further details [-Wcpp]
  103 | #warning  Please refer the Standalone BSP UG647 for further details
      |  ^~~~~~~
../src/helloworld.c: In function 'ud485RxPrg':
../src/helloworld.c:582:13: warning: unused variable 'para2' [-Wunused-variable]
  582 |         u16 para2 = getBufferWord(&inx, udp->rxBuffer);
      |             ^~~~~
../src/helloworld.c:581:13: warning: unused variable 'para1' [-Wunused-variable]
  581 |         u16 para1 = getBufferWord(&inx, udp->rxBuffer);
      |             ^~~~~
../src/helloworld.c:578:13: warning: unused variable 'len' [-Wunused-variable]
  578 |         u16 len = getBufferWord(&inx, udp->rxBuffer);
      |             ^~~
../src/helloworld.c: In function 'udUartRxPrg':
../src/helloworld.c:689:12: warning: unused variable 'ibuf' [-Wunused-variable]
  689 |         u8 ibuf;
      |            ^~~~
../src/helloworld.c: In function 'udIpcRxPrg':
../src/helloworld.c:712:21: warning: unused variable 'cmdLen' [-Wunused-variable]
  712 |                 u16 cmdLen = getBufferWord(&inx, udp->rxBuffer);
      |                     ^~~~~~
../src/helloworld.c: In function 'transBram':
../src/helloworld.c:1038:13: warning: unused variable 'debug' [-Wunused-variable]
 1038 |         int debug;
      |             ^~~~~
../src/helloworld.c: In function 'main':
../src/helloworld.c:1242:13: warning: variable 'ibuf' set but not used [-Wunused-but-set-variable]
 1242 |         int ibuf;
      |             ^~~~
../src/helloworld.c: In function 'loadTickDrv':
../src/helloworld.c:1871:13: warning: unused variable 'ibuf' [-Wunused-variable]
 1871 |         int ibuf;
      |             ^~~~
../src/helloworld.c: In function 'loadTickMeter':
../src/helloworld.c:1934:13: warning: unused variable 'ibuf' [-Wunused-variable]
 1934 |         int ibuf;
      |             ^~~~
At top level:
../src/helloworld.c:443:18: warning: 'uart6Obj' defined but not used [-Wunused-variable]
  443 | static XUartLite uart6Obj;
      |                  ^~~~~~~~
'Finished building: ../src/helloworld.c'
' '
'Building target: syncMain.elf'
'Invoking: MicroBlaze gcc linker'
mb-gcc -Wl,-T -Wl,../src/lscript.ld -LE:/kevin/myCode/microBlaze1/vitisJson/syncBlaze/export/syncBlaze/sw/syncBlaze/standalone_domain/bsplib/lib -mlittle-endian -mcpu=v11.0 -mxl-soft-mul -Wl,--no-relax -Wl,--gc-sections -o "syncMain.elf"  ./src/helloworld.o ./src/platform.o   -Wl,--start-group,-lxil,-lgcc,-lc,--end-group
'Finished building target: syncMain.elf'
' '
'Invoking: MicroBlaze Print Size'
mb-size syncMain.elf  |tee "syncMain.elf.size"
   text	   data	    bss	    dec	    hex	filename
  36696	    552	  43416	  80664	  13b18	syncMain.elf
'Finished building: syncMain.elf.size'
' '
