Nothing to build in platform 'syncBlaze'

17:59:27 **** Incremental Build of configuration Debug for project syncMain ****
make all 
'Building file: ../src/helloworld.c'
'Invoking: MicroBlaze gcc compiler'
mb-gcc -Wall -O0 -g3 -c -fmessage-length=0 -MT"src/helloworld.o" -IE:/kevin/myCode/microBlaze1/vitisJson/syncBlaze/export/syncBlaze/sw/syncBlaze/standalone_domain/bspinclude/include -mlittle-endian -mcpu=v11.0 -mxl-soft-mul -Wl,--no-relax -ffunction-sections -fdata-sections -MMD -MP -MF"src/helloworld.d" -MT"src/helloworld.o" -o "src/helloworld.o" "../src/helloworld.c"
In file included from ../src/helloworld.c:7:
E:/kevin/myCode/microBlaze1/vitisJson/syncBlaze/export/syncBlaze/sw/syncBlaze/standalone_domain/bspinclude/include/xbasic_types.h:102:2: warning: #warning The xbasics_type.h file is deprecated and users should use xil_types.h and xil_assert. [-Wcpp]
  102 | #warning  The xbasics_type.h file is deprecated and users should use xil_types.h and xil_assert.
      |  ^~~~~~~
E:/kevin/myCode/microBlaze1/vitisJson/syncBlaze/export/syncBlaze/sw/syncBlaze/standalone_domain/bspinclude/include/xbasic_types.h:103:2: warning: #warning Please refer the Standalone BSP UG647 for further details [-Wcpp]
  103 | #warning  Please refer the Standalone BSP UG647 for further details
      |  ^~~~~~~
../src/helloworld.c: In function 'ud485RxPrg':
../src/helloworld.c:589:13: warning: unused variable 'para2' [-Wunused-variable]
  589 |         u16 para2 = getBufferWord(&inx, udp->rxBuffer);
      |             ^~~~~
../src/helloworld.c:588:13: warning: unused variable 'para1' [-Wunused-variable]
  588 |         u16 para1 = getBufferWord(&inx, udp->rxBuffer);
      |             ^~~~~
../src/helloworld.c:585:13: warning: unused variable 'len' [-Wunused-variable]
  585 |         u16 len = getBufferWord(&inx, udp->rxBuffer);
      |             ^~~
../src/helloworld.c: In function 'udUartRxPrg':
../src/helloworld.c:657:12: warning: unused variable 'ibuf' [-Wunused-variable]
  657 |         u8 ibuf;
      |            ^~~~
../src/helloworld.c: In function 'udIpcRxPrg':
../src/helloworld.c:680:21: warning: unused variable 'cmdLen' [-Wunused-variable]
  680 |                 u16 cmdLen = getBufferWord(&inx, udp->rxBuffer);
      |                     ^~~~~~
../src/helloworld.c: In function 'transBram':
../src/helloworld.c:1086:13: warning: unused variable 'debug' [-Wunused-variable]
 1086 |         int debug;
      |             ^~~~~
../src/helloworld.c: In function 'main':
../src/helloworld.c:1327:13: warning: variable 'ibuf' set but not used [-Wunused-but-set-variable]
 1327 |         int ibuf;
      |             ^~~~
../src/helloworld.c: In function 'loadTickDrv':
../src/helloworld.c:1927:13: warning: unused variable 'ibuf' [-Wunused-variable]
 1927 |         int ibuf;
      |             ^~~~
../src/helloworld.c: In function 'loadTickMeter':
../src/helloworld.c:1990:13: warning: unused variable 'ibuf' [-Wunused-variable]
 1990 |         int ibuf;
      |             ^~~~
At top level:
../src/helloworld.c:438:18: warning: 'uart2Obj' defined but not used [-Wunused-variable]
  438 | static XUartLite uart2Obj;
      |                  ^~~~~~~~
'Finished building: ../src/helloworld.c'
' '
'Building file: ../src/platform.c'
'Invoking: MicroBlaze gcc compiler'
mb-gcc -Wall -O0 -g3 -c -fmessage-length=0 -MT"src/platform.o" -IE:/kevin/myCode/microBlaze1/vitisJson/syncBlaze/export/syncBlaze/sw/syncBlaze/standalone_domain/bspinclude/include -mlittle-endian -mcpu=v11.0 -mxl-soft-mul -Wl,--no-relax -ffunction-sections -fdata-sections -MMD -MP -MF"src/platform.d" -MT"src/platform.o" -o "src/platform.o" "../src/platform.c"
'Finished building: ../src/platform.c'
' '
'Building target: syncMain.elf'
'Invoking: MicroBlaze gcc linker'
mb-gcc -Wl,-T -Wl,../src/lscript.ld -LE:/kevin/myCode/microBlaze1/vitisJson/syncBlaze/export/syncBlaze/sw/syncBlaze/standalone_domain/bsplib/lib -mlittle-endian -mcpu=v11.0 -mxl-soft-mul -Wl,--no-relax -Wl,--gc-sections -o "syncMain.elf"  ./src/helloworld.o ./src/platform.o   -Wl,--start-group,-lxil,-lgcc,-lc,--end-group
'Finished building target: syncMain.elf'
' '
'Invoking: MicroBlaze Print Size'
mb-size syncMain.elf  |tee "syncMain.elf.size"
   text	   data	    bss	    dec	    hex	filename
  35752	    552	  43424	  79728	  13770	syncMain.elf
'Finished building: syncMain.elf.size'
' '
