Nothing to build in platform 'syncMicroBlaze'

19:15:17 **** Incremental Build of configuration Debug for project syncMain ****
make all 
'Building file: ../src/helloworld.c'
'Invoking: MicroBlaze gcc compiler'
mb-gcc -Wall -O0 -g3 -c -fmessage-length=0 -MT"src/helloworld.o" -IE:/kevin/myCode/microBlaze1/vitis/syncMicroBlaze/export/syncMicroBlaze/sw/syncMicroBlaze/standalone_domain/bspinclude/include -mlittle-endian -mcpu=v11.0 -mxl-soft-mul -Wl,--no-relax -ffunction-sections -fdata-sections -MMD -MP -MF"src/helloworld.d" -MT"src/helloworld.o" -o "src/helloworld.o" "../src/helloworld.c"
In file included from ../src/helloworld.c:7:
E:/kevin/myCode/microBlaze1/vitis/syncMicroBlaze/export/syncMicroBlaze/sw/syncMicroBlaze/standalone_domain/bspinclude/include/xbasic_types.h:102:2: warning: #warning The xbasics_type.h file is deprecated and users should use xil_types.h and xil_assert. [-Wcpp]
  102 | #warning  The xbasics_type.h file is deprecated and users should use xil_types.h and xil_assert.
      |  ^~~~~~~
E:/kevin/myCode/microBlaze1/vitis/syncMicroBlaze/export/syncMicroBlaze/sw/syncMicroBlaze/standalone_domain/bspinclude/include/xbasic_types.h:103:2: warning: #warning Please refer the Standalone BSP UG647 for further details [-Wcpp]
  103 | #warning  Please refer the Standalone BSP UG647 for further details
      |  ^~~~~~~
../src/helloworld.c: In function 'udIpcRxPrg':
../src/helloworld.c:506:21: warning: unused variable 'para3' [-Wunused-variable]
  506 |                 u16 para3 = getBufferWord(&inx, udp->rxBuffer);
      |                     ^~~~~
../src/helloworld.c:505:21: warning: unused variable 'para2' [-Wunused-variable]
  505 |                 u16 para2 = getBufferWord(&inx, udp->rxBuffer);
      |                     ^~~~~
../src/helloworld.c:504:21: warning: unused variable 'para1' [-Wunused-variable]
  504 |                 u16 para1 = getBufferWord(&inx, udp->rxBuffer);
      |                     ^~~~~
../src/helloworld.c:503:21: warning: unused variable 'para0' [-Wunused-variable]
  503 |                 u16 para0 = getBufferWord(&inx, udp->rxBuffer);
      |                     ^~~~~
../src/helloworld.c:501:21: warning: unused variable 'cmdLen' [-Wunused-variable]
  501 |                 u16 cmdLen = getBufferWord(&inx, udp->rxBuffer);
      |                     ^~~~~~
../src/helloworld.c: In function 'main':
../src/helloworld.c:773:12: warning: unused variable 'uart0RxBuffer' [-Wunused-variable]
  773 |         u8 uart0RxBuffer[20];
      |            ^~~~~~~~~~~~~
At top level:
../src/helloworld.c:358:18: warning: 'uart6Obj' defined but not used [-Wunused-variable]
  358 | static XUartLite uart6Obj;
      |                  ^~~~~~~~
../src/helloworld.c:357:18: warning: 'uart5Obj' defined but not used [-Wunused-variable]
  357 | static XUartLite uart5Obj;
      |                  ^~~~~~~~
../src/helloworld.c:356:18: warning: 'uart4Obj' defined but not used [-Wunused-variable]
  356 | static XUartLite uart4Obj;
      |                  ^~~~~~~~
../src/helloworld.c:355:18: warning: 'uart3Obj' defined but not used [-Wunused-variable]
  355 | static XUartLite uart3Obj;
      |                  ^~~~~~~~
../src/helloworld.c:354:18: warning: 'uart2Obj' defined but not used [-Wunused-variable]
  354 | static XUartLite uart2Obj;
      |                  ^~~~~~~~
'Finished building: ../src/helloworld.c'
' '
'Building target: syncMain.elf'
'Invoking: MicroBlaze gcc linker'
mb-gcc -Wl,-T -Wl,../src/lscript.ld -LE:/kevin/myCode/microBlaze1/vitis/syncMicroBlaze/export/syncMicroBlaze/sw/syncMicroBlaze/standalone_domain/bsplib/lib -mlittle-endian -mcpu=v11.0 -mxl-soft-mul -Wl,--no-relax -Wl,--gc-sections -o "syncMain.elf"  ./src/helloworld.o ./src/platform.o   -Wl,--start-group,-lxil,-lgcc,-lc,--end-group
'Finished building target: syncMain.elf'
' '
'Invoking: MicroBlaze Print Size'
mb-size syncMain.elf  |tee "syncMain.elf.size"
   text	   data	    bss	    dec	    hex	filename
  19436	    548	  17848	  37832	   93c8	syncMain.elf
'Finished building: syncMain.elf.size'
' '
