
*** Running vivado
    with args -log design_1_clk_wiz_1_0.vds -m64 -product Vivado -mode batch -messageDb vivado.pb -notrace -source design_1_clk_wiz_1_0.tcl



****** Vivado v2022.2 (64-bit)
  **** SW Build 3671981 on Fri Oct 14 05:00:03 MDT 2022
  **** IP Build 3669848 on Fri Oct 14 08:30:02 MDT 2022
    ** Copyright 1986-2022 Xilinx, Inc. All Rights Reserved.

source design_1_clk_wiz_1_0.tcl -notrace
create_project: Time (s): cpu = 00:00:07 ; elapsed = 00:00:17 . Memory (MB): peak = 1002.047 ; gain = 118.277
INFO: [IP_Flow 19-6924] IPCACHE: Running cache check for IP inst: design_1_clk_wiz_1_0
Command: synth_design -top design_1_clk_wiz_1_0 -part xc7a200tfbg484-2 -incremental_mode off -mode out_of_context
Starting synth_design
Attempting to get a license for feature 'Synthesis' and/or device 'xc7a200t'
INFO: [Common 17-349] Got license for feature 'Synthesis' and/or device 'xc7a200t'
INFO: [Device 21-403] Loading part xc7a200tfbg484-2
INFO: [Synth 8-7079] Multithreading enabled for synth_design using a maximum of 4 processes.
INFO: [Synth 8-7078] Launching helper process for spawning children vivado processes
INFO: [Synth 8-7075] Helper process launched with PID 8528
INFO: [Synth 8-11241] undeclared symbol 'REGCCE', assumed default net type 'wire' [D:/Xilinx202202/Vivado/2022.2/data/verilog/src/unimacro/BRAM_SINGLE_MACRO.v:2170]
---------------------------------------------------------------------------------
Starting RTL Elaboration : Time (s): cpu = 00:00:08 ; elapsed = 00:00:25 . Memory (MB): peak = 1875.523 ; gain = 408.711
---------------------------------------------------------------------------------
INFO: [Synth 8-6157] synthesizing module 'design_1_clk_wiz_1_0' [e:/kevin/myCode/microBlaze1/microBlaze1.gen/sources_1/bd/design_1/ip/design_1_clk_wiz_1_0/design_1_clk_wiz_1_0.v:69]
INFO: [Synth 8-6157] synthesizing module 'design_1_clk_wiz_1_0_clk_wiz' [e:/kevin/myCode/microBlaze1/microBlaze1.gen/sources_1/bd/design_1/ip/design_1_clk_wiz_1_0/design_1_clk_wiz_1_0_clk_wiz.v:69]
INFO: [Synth 8-6157] synthesizing module 'IBUF' [D:/Xilinx202202/Vivado/2022.2/scripts/rt/data/unisim_comp.v:71326]
INFO: [Synth 8-6155] done synthesizing module 'IBUF' (0#1) [D:/Xilinx202202/Vivado/2022.2/scripts/rt/data/unisim_comp.v:71326]
INFO: [Synth 8-6157] synthesizing module 'PLLE2_ADV' [D:/Xilinx202202/Vivado/2022.2/scripts/rt/data/unisim_comp.v:108916]
	Parameter BANDWIDTH bound to: OPTIMIZED - type: string 
	Parameter CLKFBOUT_MULT bound to: 32 - type: integer 
	Parameter CLKFBOUT_PHASE bound to: 0.000000 - type: double 
	Parameter CLKIN1_PERIOD bound to: 20.000000 - type: double 
	Parameter CLKOUT0_DIVIDE bound to: 10 - type: integer 
	Parameter CLKOUT0_DUTY_CYCLE bound to: 0.500000 - type: double 
	Parameter CLKOUT0_PHASE bound to: 0.000000 - type: double 
	Parameter CLKOUT1_DIVIDE bound to: 10 - type: integer 
	Parameter CLKOUT1_DUTY_CYCLE bound to: 0.500000 - type: double 
	Parameter CLKOUT1_PHASE bound to: 0.000000 - type: double 
	Parameter COMPENSATION bound to: ZHOLD - type: string 
	Parameter DIVCLK_DIVIDE bound to: 1 - type: integer 
	Parameter STARTUP_WAIT bound to: FALSE - type: string 
INFO: [Synth 8-6155] done synthesizing module 'PLLE2_ADV' (0#1) [D:/Xilinx202202/Vivado/2022.2/scripts/rt/data/unisim_comp.v:108916]
INFO: [Synth 8-6157] synthesizing module 'BUFG' [D:/Xilinx202202/Vivado/2022.2/scripts/rt/data/unisim_comp.v:1082]
INFO: [Synth 8-6155] done synthesizing module 'BUFG' (0#1) [D:/Xilinx202202/Vivado/2022.2/scripts/rt/data/unisim_comp.v:1082]
INFO: [Synth 8-6155] done synthesizing module 'design_1_clk_wiz_1_0_clk_wiz' (0#1) [e:/kevin/myCode/microBlaze1/microBlaze1.gen/sources_1/bd/design_1/ip/design_1_clk_wiz_1_0/design_1_clk_wiz_1_0_clk_wiz.v:69]
INFO: [Synth 8-6155] done synthesizing module 'design_1_clk_wiz_1_0' (0#1) [e:/kevin/myCode/microBlaze1/microBlaze1.gen/sources_1/bd/design_1/ip/design_1_clk_wiz_1_0/design_1_clk_wiz_1_0.v:69]
---------------------------------------------------------------------------------
Finished RTL Elaboration : Time (s): cpu = 00:00:10 ; elapsed = 00:00:39 . Memory (MB): peak = 1968.590 ; gain = 501.777
---------------------------------------------------------------------------------
---------------------------------------------------------------------------------
Start Handling Custom Attributes
---------------------------------------------------------------------------------
---------------------------------------------------------------------------------
Finished Handling Custom Attributes : Time (s): cpu = 00:00:10 ; elapsed = 00:00:39 . Memory (MB): peak = 1968.590 ; gain = 501.777
---------------------------------------------------------------------------------
---------------------------------------------------------------------------------
Finished RTL Optimization Phase 1 : Time (s): cpu = 00:00:10 ; elapsed = 00:00:39 . Memory (MB): peak = 1968.590 ; gain = 501.777
---------------------------------------------------------------------------------
Netlist sorting complete. Time (s): cpu = 00:00:00 ; elapsed = 00:00:00 . Memory (MB): peak = 1968.590 ; gain = 0.000
INFO: [Netlist 29-17] Analyzing 1 Unisim elements for replacement
INFO: [Netlist 29-28] Unisim Transformation completed in 0 CPU seconds
INFO: [Project 1-570] Preparing netlist for logic optimization

Processing XDC Constraints
Initializing timing engine
Parsing XDC File [e:/kevin/myCode/microBlaze1/microBlaze1.gen/sources_1/bd/design_1/ip/design_1_clk_wiz_1_0/design_1_clk_wiz_1_0_ooc.xdc] for cell 'inst'
Finished Parsing XDC File [e:/kevin/myCode/microBlaze1/microBlaze1.gen/sources_1/bd/design_1/ip/design_1_clk_wiz_1_0/design_1_clk_wiz_1_0_ooc.xdc] for cell 'inst'
Parsing XDC File [e:/kevin/myCode/microBlaze1/microBlaze1.gen/sources_1/bd/design_1/ip/design_1_clk_wiz_1_0/design_1_clk_wiz_1_0_board.xdc] for cell 'inst'
Finished Parsing XDC File [e:/kevin/myCode/microBlaze1/microBlaze1.gen/sources_1/bd/design_1/ip/design_1_clk_wiz_1_0/design_1_clk_wiz_1_0_board.xdc] for cell 'inst'
Parsing XDC File [e:/kevin/myCode/microBlaze1/microBlaze1.gen/sources_1/bd/design_1/ip/design_1_clk_wiz_1_0/design_1_clk_wiz_1_0.xdc] for cell 'inst'
Finished Parsing XDC File [e:/kevin/myCode/microBlaze1/microBlaze1.gen/sources_1/bd/design_1/ip/design_1_clk_wiz_1_0/design_1_clk_wiz_1_0.xdc] for cell 'inst'
INFO: [Project 1-236] Implementation specific constraints were found while reading constraint file [e:/kevin/myCode/microBlaze1/microBlaze1.gen/sources_1/bd/design_1/ip/design_1_clk_wiz_1_0/design_1_clk_wiz_1_0.xdc]. These constraints will be ignored for synthesis but will be used in implementation. Impacted constraints are listed in the file [.Xil/design_1_clk_wiz_1_0_propImpl.xdc].
Resolution: To avoid this warning, move constraints listed in [.Xil/design_1_clk_wiz_1_0_propImpl.xdc] to another XDC file and exclude this new file from synthesis with the used_in_synthesis property (File Properties dialog in GUI) and re-run elaboration/synthesis.
INFO: [Timing 38-2] Deriving generated clocks
Parsing XDC File [E:/kevin/myCode/microBlaze1/microBlaze1.runs/design_1_clk_wiz_1_0_synth_1/dont_touch.xdc]
Finished Parsing XDC File [E:/kevin/myCode/microBlaze1/microBlaze1.runs/design_1_clk_wiz_1_0_synth_1/dont_touch.xdc]
Completed Processing XDC Constraints

Netlist sorting complete. Time (s): cpu = 00:00:00 ; elapsed = 00:00:00 . Memory (MB): peak = 1970.559 ; gain = 0.000
INFO: [Project 1-111] Unisim Transformation Summary:
No Unisim elements were transformed.

Constraint Validation Runtime : Time (s): cpu = 00:00:00 ; elapsed = 00:00:00.196 . Memory (MB): peak = 1970.770 ; gain = 0.211
INFO: [Designutils 20-5008] Incremental synthesis strategy off
INFO: [Synth 8-11241] undeclared symbol 'REGCCE', assumed default net type 'wire' [D:/Xilinx202202/Vivado/2022.2/data/verilog/src/unimacro/BRAM_SINGLE_MACRO.v:2170]
---------------------------------------------------------------------------------
Finished Constraint Validation : Time (s): cpu = 00:00:23 ; elapsed = 00:01:00 . Memory (MB): peak = 1970.770 ; gain = 503.957
---------------------------------------------------------------------------------
---------------------------------------------------------------------------------
Start Loading Part and Timing Information
---------------------------------------------------------------------------------
Loading part: xc7a200tfbg484-2
---------------------------------------------------------------------------------
Finished Loading Part and Timing Information : Time (s): cpu = 00:00:23 ; elapsed = 00:01:00 . Memory (MB): peak = 1970.770 ; gain = 503.957
---------------------------------------------------------------------------------
---------------------------------------------------------------------------------
Start Applying 'set_property' XDC Constraints
---------------------------------------------------------------------------------
Applied set_property KEEP_HIERARCHY = SOFT for inst. (constraint file  E:/kevin/myCode/microBlaze1/microBlaze1.runs/design_1_clk_wiz_1_0_synth_1/dont_touch.xdc, line 9).
---------------------------------------------------------------------------------
Finished applying 'set_property' XDC Constraints : Time (s): cpu = 00:00:23 ; elapsed = 00:01:00 . Memory (MB): peak = 1970.770 ; gain = 503.957
---------------------------------------------------------------------------------
---------------------------------------------------------------------------------
Finished RTL Optimization Phase 2 : Time (s): cpu = 00:00:23 ; elapsed = 00:01:00 . Memory (MB): peak = 1970.770 ; gain = 503.957
---------------------------------------------------------------------------------
---------------------------------------------------------------------------------
Start RTL Component Statistics 
---------------------------------------------------------------------------------
Detailed RTL Component Info : 
---------------------------------------------------------------------------------
Finished RTL Component Statistics 
---------------------------------------------------------------------------------
---------------------------------------------------------------------------------
Start Part Resource Summary
---------------------------------------------------------------------------------
Part Resources:
DSPs: 740 (col length:100)
BRAMs: 730 (col length: RAMB18 100 RAMB36 50)
---------------------------------------------------------------------------------
Finished Part Resource Summary
---------------------------------------------------------------------------------
---------------------------------------------------------------------------------
Start Cross Boundary and Area Optimization
---------------------------------------------------------------------------------
WARNING: [Synth 8-7080] Parallel synthesis criteria is not met
---------------------------------------------------------------------------------
Finished Cross Boundary and Area Optimization : Time (s): cpu = 00:00:26 ; elapsed = 00:01:04 . Memory (MB): peak = 1970.770 ; gain = 503.957
---------------------------------------------------------------------------------
---------------------------------------------------------------------------------
Start Applying XDC Timing Constraints
---------------------------------------------------------------------------------
---------------------------------------------------------------------------------
Finished Applying XDC Timing Constraints : Time (s): cpu = 00:00:34 ; elapsed = 00:01:13 . Memory (MB): peak = 1970.770 ; gain = 503.957
---------------------------------------------------------------------------------
---------------------------------------------------------------------------------
Start Timing Optimization
---------------------------------------------------------------------------------
---------------------------------------------------------------------------------
Finished Timing Optimization : Time (s): cpu = 00:00:34 ; elapsed = 00:01:13 . Memory (MB): peak = 1970.770 ; gain = 503.957
---------------------------------------------------------------------------------
---------------------------------------------------------------------------------
Start Technology Mapping
---------------------------------------------------------------------------------
---------------------------------------------------------------------------------
Finished Technology Mapping : Time (s): cpu = 00:00:34 ; elapsed = 00:01:13 . Memory (MB): peak = 1972.352 ; gain = 505.539
---------------------------------------------------------------------------------
---------------------------------------------------------------------------------
Start IO Insertion
---------------------------------------------------------------------------------
---------------------------------------------------------------------------------
Start Flattening Before IO Insertion
---------------------------------------------------------------------------------
---------------------------------------------------------------------------------
Finished Flattening Before IO Insertion
---------------------------------------------------------------------------------
---------------------------------------------------------------------------------
Start Final Netlist Cleanup
---------------------------------------------------------------------------------
---------------------------------------------------------------------------------
Finished Final Netlist Cleanup
---------------------------------------------------------------------------------
---------------------------------------------------------------------------------
Finished IO Insertion : Time (s): cpu = 00:00:44 ; elapsed = 00:01:23 . Memory (MB): peak = 1977.070 ; gain = 510.258
---------------------------------------------------------------------------------
---------------------------------------------------------------------------------
Start Renaming Generated Instances
---------------------------------------------------------------------------------
---------------------------------------------------------------------------------
Finished Renaming Generated Instances : Time (s): cpu = 00:00:44 ; elapsed = 00:01:23 . Memory (MB): peak = 1977.070 ; gain = 510.258
---------------------------------------------------------------------------------
---------------------------------------------------------------------------------
Start Rebuilding User Hierarchy
---------------------------------------------------------------------------------
---------------------------------------------------------------------------------
Finished Rebuilding User Hierarchy : Time (s): cpu = 00:00:44 ; elapsed = 00:01:23 . Memory (MB): peak = 1977.070 ; gain = 510.258
---------------------------------------------------------------------------------
---------------------------------------------------------------------------------
Start Renaming Generated Ports
---------------------------------------------------------------------------------
---------------------------------------------------------------------------------
Finished Renaming Generated Ports : Time (s): cpu = 00:00:44 ; elapsed = 00:01:23 . Memory (MB): peak = 1977.070 ; gain = 510.258
---------------------------------------------------------------------------------
---------------------------------------------------------------------------------
Start Handling Custom Attributes
---------------------------------------------------------------------------------
---------------------------------------------------------------------------------
Finished Handling Custom Attributes : Time (s): cpu = 00:00:44 ; elapsed = 00:01:23 . Memory (MB): peak = 1977.070 ; gain = 510.258
---------------------------------------------------------------------------------
---------------------------------------------------------------------------------
Start Renaming Generated Nets
---------------------------------------------------------------------------------
---------------------------------------------------------------------------------
Finished Renaming Generated Nets : Time (s): cpu = 00:00:44 ; elapsed = 00:01:23 . Memory (MB): peak = 1977.070 ; gain = 510.258
---------------------------------------------------------------------------------
---------------------------------------------------------------------------------
Start Writing Synthesis Report
---------------------------------------------------------------------------------

Report BlackBoxes: 
+-+--------------+----------+
| |BlackBox name |Instances |
+-+--------------+----------+
+-+--------------+----------+

Report Cell Usage: 
+------+----------+------+
|      |Cell      |Count |
+------+----------+------+
|1     |BUFG      |     3|
|2     |PLLE2_ADV |     1|
|3     |IBUF      |     1|
+------+----------+------+
---------------------------------------------------------------------------------
Finished Writing Synthesis Report : Time (s): cpu = 00:00:44 ; elapsed = 00:01:23 . Memory (MB): peak = 1977.070 ; gain = 510.258
---------------------------------------------------------------------------------
Synthesis finished with 0 errors, 0 critical warnings and 1 warnings.
Synthesis Optimization Runtime : Time (s): cpu = 00:00:30 ; elapsed = 00:01:14 . Memory (MB): peak = 1977.070 ; gain = 508.078
Synthesis Optimization Complete : Time (s): cpu = 00:00:44 ; elapsed = 00:01:23 . Memory (MB): peak = 1977.070 ; gain = 510.258
INFO: [Project 1-571] Translating synthesized netlist
Netlist sorting complete. Time (s): cpu = 00:00:00 ; elapsed = 00:00:00 . Memory (MB): peak = 1977.070 ; gain = 0.000
INFO: [Netlist 29-17] Analyzing 1 Unisim elements for replacement
INFO: [Netlist 29-28] Unisim Transformation completed in 0 CPU seconds
INFO: [Project 1-570] Preparing netlist for logic optimization
INFO: [Opt 31-138] Pushed 0 inverter(s) to 0 load pin(s).
Netlist sorting complete. Time (s): cpu = 00:00:00 ; elapsed = 00:00:00 . Memory (MB): peak = 1997.102 ; gain = 0.000
INFO: [Project 1-111] Unisim Transformation Summary:
No Unisim elements were transformed.

Synth Design complete, checksum: 39b610c
INFO: [Common 17-83] Releasing license: Synthesis
32 Infos, 1 Warnings, 0 Critical Warnings and 0 Errors encountered.
synth_design completed successfully
synth_design: Time (s): cpu = 00:00:51 ; elapsed = 00:01:54 . Memory (MB): peak = 1997.102 ; gain = 961.305
INFO: [Common 17-600] The following parameters have non-default value.
general.maxThreads
INFO: [Common 17-1381] The checkpoint 'E:/kevin/myCode/microBlaze1/microBlaze1.runs/design_1_clk_wiz_1_0_synth_1/design_1_clk_wiz_1_0.dcp' has been generated.
INFO: [Coretcl 2-1648] Added synthesis output to IP cache for IP design_1_clk_wiz_1_0, cache-ID = c7e06bc6a3a31ee3
INFO: [Common 17-1381] The checkpoint 'E:/kevin/myCode/microBlaze1/microBlaze1.runs/design_1_clk_wiz_1_0_synth_1/design_1_clk_wiz_1_0.dcp' has been generated.
INFO: [runtcl-4] Executing : report_utilization -file design_1_clk_wiz_1_0_utilization_synth.rpt -pb design_1_clk_wiz_1_0_utilization_synth.pb
INFO: [Common 17-206] Exiting Vivado at Tue Mar 25 14:57:56 2025...

*** Running vivado
    with args -log design_1_clk_wiz_1_0.vds -m64 -product Vivado -mode batch -messageDb vivado.pb -notrace -source design_1_clk_wiz_1_0.tcl



****** Vivado v2022.2 (64-bit)
  **** SW Build 3671981 on Fri Oct 14 05:00:03 MDT 2022
  **** IP Build 3669848 on Fri Oct 14 08:30:02 MDT 2022
    ** Copyright 1986-2022 Xilinx, Inc. All Rights Reserved.

source design_1_clk_wiz_1_0.tcl -notrace
create_project: Time (s): cpu = 00:00:06 ; elapsed = 00:00:12 . Memory (MB): peak = 1003.258 ; gain = 118.082
INFO: [IP_Flow 19-6924] IPCACHE: Running cache check for IP inst: design_1_clk_wiz_1_0
INFO: [IP_Flow 19-6922] IPCACHE: Exporting cached entry c7e06bc6a3a31ee3 to dir: E:/kevin/myCode/microBlaze1/microBlaze1.runs/design_1_clk_wiz_1_0_synth_1
INFO: [IP_Flow 19-6928] IPCACHE: copied cached file e:/kevin/myCode/microBlaze1/microBlaze1.cache/ip/2022.2/c/7/c7e06bc6a3a31ee3/design_1_clk_wiz_1_0.dcp to E:/kevin/myCode/microBlaze1/microBlaze1.runs/design_1_clk_wiz_1_0_synth_1/design_1_clk_wiz_1_0.dcp.
INFO: [IP_Flow 19-6928] IPCACHE: copied cached file e:/kevin/myCode/microBlaze1/microBlaze1.cache/ip/2022.2/c/7/c7e06bc6a3a31ee3/design_1_clk_wiz_1_0_sim_netlist.v to E:/kevin/myCode/microBlaze1/microBlaze1.runs/design_1_clk_wiz_1_0_synth_1/design_1_clk_wiz_1_0_sim_netlist.v.
INFO: [IP_Flow 19-6928] IPCACHE: copied cached file e:/kevin/myCode/microBlaze1/microBlaze1.cache/ip/2022.2/c/7/c7e06bc6a3a31ee3/design_1_clk_wiz_1_0_sim_netlist.vhdl to E:/kevin/myCode/microBlaze1/microBlaze1.runs/design_1_clk_wiz_1_0_synth_1/design_1_clk_wiz_1_0_sim_netlist.vhdl.
INFO: [IP_Flow 19-6928] IPCACHE: copied cached file e:/kevin/myCode/microBlaze1/microBlaze1.cache/ip/2022.2/c/7/c7e06bc6a3a31ee3/design_1_clk_wiz_1_0_stub.v to E:/kevin/myCode/microBlaze1/microBlaze1.runs/design_1_clk_wiz_1_0_synth_1/design_1_clk_wiz_1_0_stub.v.
INFO: [IP_Flow 19-6928] IPCACHE: copied cached file e:/kevin/myCode/microBlaze1/microBlaze1.cache/ip/2022.2/c/7/c7e06bc6a3a31ee3/design_1_clk_wiz_1_0_stub.vhdl to E:/kevin/myCode/microBlaze1/microBlaze1.runs/design_1_clk_wiz_1_0_synth_1/design_1_clk_wiz_1_0_stub.vhdl.
INFO: [IP_Flow 19-4838] Using cached IP synthesis design for IP design_1_clk_wiz_1_0, cache-ID = c7e06bc6a3a31ee3.
INFO: [Common 17-206] Exiting Vivado at Tue Mar 25 15:01:20 2025...
