15:35:36 DEBUG : Logs will be stored at 'E:/kevin/myCode/microBlaze1/vitisJson/IDE.log'.
15:35:38 INFO  : Launching XSCT server: xsct.bat -n  -interactive E:\kevin\myCode\microBlaze1\vitisJson\temp_xsdb_launch_script.tcl
15:35:38 INFO  : Registering command handlers for Vitis TCF services
15:35:39 INFO  : Platform repository initialization has completed.
15:35:40 INFO  : XSCT server has started successfully.
15:35:40 INFO  : Successfully done setting XSCT server connection channel  
15:35:40 INFO  : plnx-install-location is set to ''
15:35:40 INFO  : Successfully done query RDI_DATADIR 
15:35:40 INFO  : Successfully done setting workspace for the tool. 
15:36:29 INFO  : Result from executing command 'getProjects': syncBlaze
15:36:29 INFO  : Result from executing command 'getPlatforms': xilinx_vck190_base_202220_1|D:/Xilinx202202/Vitis/2022.2/base_platforms/xilinx_vck190_base_202220_1/xilinx_vck190_base_202220_1.xpfm;xilinx_vck190_base_dfx_202220_1|D:/Xilinx202202/Vitis/2022.2/base_platforms/xilinx_vck190_base_dfx_202220_1/xilinx_vck190_base_dfx_202220_1.xpfm;xilinx_vmk180_base_202220_1|D:/Xilinx202202/Vitis/2022.2/base_platforms/xilinx_vmk180_base_202220_1/xilinx_vmk180_base_202220_1.xpfm;xilinx_zcu102_base_202220_1|D:/Xilinx202202/Vitis/2022.2/base_platforms/xilinx_zcu102_base_202220_1/xilinx_zcu102_base_202220_1.xpfm;xilinx_zcu102_base_dfx_202220_1|D:/Xilinx202202/Vitis/2022.2/base_platforms/xilinx_zcu102_base_dfx_202220_1/xilinx_zcu102_base_dfx_202220_1.xpfm;xilinx_zcu104_base_202220_1|D:/Xilinx202202/Vitis/2022.2/base_platforms/xilinx_zcu104_base_202220_1/xilinx_zcu104_base_202220_1.xpfm
15:37:34 INFO  : Hardware specification for platform project 'syncBlaze' is updated.
15:37:49 INFO  : Result from executing command 'getProjects': syncBlaze
15:37:49 INFO  : Result from executing command 'getPlatforms': syncBlaze|E:/kevin/myCode/microBlaze1/vitisJson/syncBlaze/export/syncBlaze/syncBlaze.xpfm;xilinx_vck190_base_202220_1|D:/Xilinx202202/Vitis/2022.2/base_platforms/xilinx_vck190_base_202220_1/xilinx_vck190_base_202220_1.xpfm;xilinx_vck190_base_dfx_202220_1|D:/Xilinx202202/Vitis/2022.2/base_platforms/xilinx_vck190_base_dfx_202220_1/xilinx_vck190_base_dfx_202220_1.xpfm;xilinx_vmk180_base_202220_1|D:/Xilinx202202/Vitis/2022.2/base_platforms/xilinx_vmk180_base_202220_1/xilinx_vmk180_base_202220_1.xpfm;xilinx_zcu102_base_202220_1|D:/Xilinx202202/Vitis/2022.2/base_platforms/xilinx_zcu102_base_202220_1/xilinx_zcu102_base_202220_1.xpfm;xilinx_zcu102_base_dfx_202220_1|D:/Xilinx202202/Vitis/2022.2/base_platforms/xilinx_zcu102_base_dfx_202220_1/xilinx_zcu102_base_dfx_202220_1.xpfm;xilinx_zcu104_base_202220_1|D:/Xilinx202202/Vitis/2022.2/base_platforms/xilinx_zcu104_base_202220_1/xilinx_zcu104_base_202220_1.xpfm
15:38:10 INFO  : Checking for BSP changes to sync application flags for project 'syncMain'...
15:38:25 INFO  : Connected to target on host '127.0.0.1' and port '3121'.
15:38:25 INFO  : Jtag cable 'Digilent JTAG-HS2 201706300081' is selected.
15:38:25 INFO  : 'jtag frequency' command is executed.
15:38:25 INFO  : 'targets -set -filter {jtag_cable_name =~ "Digilent JTAG-HS2 201706300081" && level==0 && jtag_device_ctx=="jsn-JTAG-HS2-201706300081-13636093-0"}' command is executed.
15:38:34 INFO  : Device configured successfully with "E:/kevin/myCode/microBlaze1/vitisJson/syncMain/_ide/bitstream/design_1_wrapper.bit"
15:38:34 INFO  : Context for processor 'microblaze_0' is selected.
15:38:34 INFO  : Hardware design and registers information is loaded from 'E:/kevin/myCode/microBlaze1/vitisJson/syncBlaze/export/syncBlaze/hw/design_1_wrapper.xsa'.
15:38:34 INFO  : 'configparams mdm-detect-bscan-mask 2' command is executed.
15:38:34 INFO  : Context for processor 'microblaze_0' is selected.
15:38:34 INFO  : System reset is completed.
15:38:37 INFO  : 'after 3000' command is executed.
15:38:37 INFO  : Context for processor 'microblaze_0' is selected.
15:38:37 INFO  : The application 'E:/kevin/myCode/microBlaze1/vitisJson/syncMain/Debug/syncMain.elf' is downloaded to processor 'microblaze_0'.
15:38:37 INFO  : ----------------XSDB Script----------------
connect -url tcp:127.0.0.1:3121
targets -set -filter {jtag_cable_name =~ "Digilent JTAG-HS2 201706300081" && level==0 && jtag_device_ctx=="jsn-JTAG-HS2-201706300081-13636093-0"}
fpga -file E:/kevin/myCode/microBlaze1/vitisJson/syncMain/_ide/bitstream/design_1_wrapper.bit
targets -set -nocase -filter {name =~ "*microblaze*#0" && bscan=="USER2" }
loadhw -hw E:/kevin/myCode/microBlaze1/vitisJson/syncBlaze/export/syncBlaze/hw/design_1_wrapper.xsa -regs
configparams mdm-detect-bscan-mask 2
targets -set -nocase -filter {name =~ "*microblaze*#0" && bscan=="USER2" }
rst -system
after 3000
targets -set -nocase -filter {name =~ "*microblaze*#0" && bscan=="USER2" }
dow E:/kevin/myCode/microBlaze1/vitisJson/syncMain/Debug/syncMain.elf
----------------End of Script----------------

15:38:37 INFO  : Context for processor 'microblaze_0' is selected.
15:38:38 INFO  : 'con' command is executed.
15:38:38 INFO  : ----------------XSDB Script (After Launch)----------------
targets -set -nocase -filter {name =~ "*microblaze*#0" && bscan=="USER2" }
con
----------------End of Script----------------

15:38:38 INFO  : Launch script is exported to file 'E:\kevin\myCode\microBlaze1\vitisJson\syncMain_system\_ide\scripts\systemdebugger_syncmain_system_standalone.tcl'
15:41:57 INFO  : Disconnected from the channel tcfchan#2.
15:42:08 INFO  : Checking for BSP changes to sync application flags for project 'syncMain'...
15:42:14 INFO  : Checking for BSP changes to sync application flags for project 'syncMain'...
15:42:24 INFO  : Connected to target on host '127.0.0.1' and port '3121'.
15:42:24 INFO  : Jtag cable 'Digilent JTAG-HS2 201706300081' is selected.
15:42:24 INFO  : 'jtag frequency' command is executed.
15:42:24 INFO  : 'targets -set -filter {jtag_cable_name =~ "Digilent JTAG-HS2 201706300081" && level==0 && jtag_device_ctx=="jsn-JTAG-HS2-201706300081-13636093-0"}' command is executed.
15:42:32 INFO  : Device configured successfully with "E:/kevin/myCode/microBlaze1/vitisJson/syncMain/_ide/bitstream/design_1_wrapper.bit"
15:42:32 INFO  : Context for processor 'microblaze_0' is selected.
15:42:32 INFO  : Hardware design and registers information is loaded from 'E:/kevin/myCode/microBlaze1/vitisJson/syncBlaze/export/syncBlaze/hw/design_1_wrapper.xsa'.
15:42:32 INFO  : 'configparams mdm-detect-bscan-mask 2' command is executed.
15:42:32 INFO  : Context for processor 'microblaze_0' is selected.
15:42:32 INFO  : System reset is completed.
15:42:35 INFO  : 'after 3000' command is executed.
15:42:35 INFO  : Context for processor 'microblaze_0' is selected.
15:42:36 INFO  : The application 'E:/kevin/myCode/microBlaze1/vitisJson/syncMain/Debug/syncMain.elf' is downloaded to processor 'microblaze_0'.
15:42:36 INFO  : ----------------XSDB Script----------------
connect -url tcp:127.0.0.1:3121
targets -set -filter {jtag_cable_name =~ "Digilent JTAG-HS2 201706300081" && level==0 && jtag_device_ctx=="jsn-JTAG-HS2-201706300081-13636093-0"}
fpga -file E:/kevin/myCode/microBlaze1/vitisJson/syncMain/_ide/bitstream/design_1_wrapper.bit
targets -set -nocase -filter {name =~ "*microblaze*#0" && bscan=="USER2" }
loadhw -hw E:/kevin/myCode/microBlaze1/vitisJson/syncBlaze/export/syncBlaze/hw/design_1_wrapper.xsa -regs
configparams mdm-detect-bscan-mask 2
targets -set -nocase -filter {name =~ "*microblaze*#0" && bscan=="USER2" }
rst -system
after 3000
targets -set -nocase -filter {name =~ "*microblaze*#0" && bscan=="USER2" }
dow E:/kevin/myCode/microBlaze1/vitisJson/syncMain/Debug/syncMain.elf
----------------End of Script----------------

15:42:36 INFO  : Context for processor 'microblaze_0' is selected.
15:42:36 INFO  : 'con' command is executed.
15:42:36 INFO  : ----------------XSDB Script (After Launch)----------------
targets -set -nocase -filter {name =~ "*microblaze*#0" && bscan=="USER2" }
con
----------------End of Script----------------

15:42:36 INFO  : Launch script is exported to file 'E:\kevin\myCode\microBlaze1\vitisJson\syncMain_system\_ide\scripts\systemdebugger_syncmain_system_standalone.tcl'
15:43:31 INFO  : Checking for BSP changes to sync application flags for project 'syncMain'...
15:43:38 INFO  : Disconnected from the channel tcfchan#3.
15:43:39 INFO  : Connected to target on host '127.0.0.1' and port '3121'.
15:43:39 INFO  : Jtag cable 'Digilent JTAG-HS2 201706300081' is selected.
15:43:39 INFO  : 'jtag frequency' command is executed.
15:43:39 INFO  : 'targets -set -filter {jtag_cable_name =~ "Digilent JTAG-HS2 201706300081" && level==0 && jtag_device_ctx=="jsn-JTAG-HS2-201706300081-13636093-0"}' command is executed.
15:43:47 INFO  : Device configured successfully with "E:/kevin/myCode/microBlaze1/vitisJson/syncMain/_ide/bitstream/design_1_wrapper.bit"
15:43:47 INFO  : Context for processor 'microblaze_0' is selected.
15:43:47 INFO  : Hardware design and registers information is loaded from 'E:/kevin/myCode/microBlaze1/vitisJson/syncBlaze/export/syncBlaze/hw/design_1_wrapper.xsa'.
15:43:47 INFO  : 'configparams mdm-detect-bscan-mask 2' command is executed.
15:43:47 INFO  : Context for processor 'microblaze_0' is selected.
15:43:47 INFO  : System reset is completed.
15:43:50 INFO  : 'after 3000' command is executed.
15:43:50 INFO  : Context for processor 'microblaze_0' is selected.
15:43:50 INFO  : The application 'E:/kevin/myCode/microBlaze1/vitisJson/syncMain/Debug/syncMain.elf' is downloaded to processor 'microblaze_0'.
15:43:50 INFO  : ----------------XSDB Script----------------
connect -url tcp:127.0.0.1:3121
targets -set -filter {jtag_cable_name =~ "Digilent JTAG-HS2 201706300081" && level==0 && jtag_device_ctx=="jsn-JTAG-HS2-201706300081-13636093-0"}
fpga -file E:/kevin/myCode/microBlaze1/vitisJson/syncMain/_ide/bitstream/design_1_wrapper.bit
targets -set -nocase -filter {name =~ "*microblaze*#0" && bscan=="USER2" }
loadhw -hw E:/kevin/myCode/microBlaze1/vitisJson/syncBlaze/export/syncBlaze/hw/design_1_wrapper.xsa -regs
configparams mdm-detect-bscan-mask 2
targets -set -nocase -filter {name =~ "*microblaze*#0" && bscan=="USER2" }
rst -system
after 3000
targets -set -nocase -filter {name =~ "*microblaze*#0" && bscan=="USER2" }
dow E:/kevin/myCode/microBlaze1/vitisJson/syncMain/Debug/syncMain.elf
----------------End of Script----------------

15:43:51 INFO  : Context for processor 'microblaze_0' is selected.
15:43:51 INFO  : 'con' command is executed.
15:43:51 INFO  : ----------------XSDB Script (After Launch)----------------
targets -set -nocase -filter {name =~ "*microblaze*#0" && bscan=="USER2" }
con
----------------End of Script----------------

15:43:51 INFO  : Launch script is exported to file 'E:\kevin\myCode\microBlaze1\vitisJson\syncMain_system\_ide\scripts\systemdebugger_syncmain_system_standalone.tcl'
15:52:37 INFO  : Disconnected from the channel tcfchan#4.
15:52:52 INFO  : Checking for BSP changes to sync application flags for project 'syncMain'...
15:52:59 INFO  : Connected to target on host '127.0.0.1' and port '3121'.
15:52:59 INFO  : Jtag cable 'Digilent JTAG-HS2 201706300081' is selected.
15:52:59 INFO  : 'jtag frequency' command is executed.
15:52:59 INFO  : 'targets -set -filter {jtag_cable_name =~ "Digilent JTAG-HS2 201706300081" && level==0 && jtag_device_ctx=="jsn-JTAG-HS2-201706300081-13636093-0"}' command is executed.
15:53:08 INFO  : Device configured successfully with "E:/kevin/myCode/microBlaze1/vitisJson/syncMain/_ide/bitstream/design_1_wrapper.bit"
15:53:08 INFO  : Context for processor 'microblaze_0' is selected.
15:53:08 INFO  : Hardware design and registers information is loaded from 'E:/kevin/myCode/microBlaze1/vitisJson/syncBlaze/export/syncBlaze/hw/design_1_wrapper.xsa'.
15:53:08 INFO  : 'configparams mdm-detect-bscan-mask 2' command is executed.
15:53:08 INFO  : Context for processor 'microblaze_0' is selected.
15:53:08 INFO  : System reset is completed.
15:53:11 INFO  : 'after 3000' command is executed.
15:53:11 INFO  : Context for processor 'microblaze_0' is selected.
15:53:11 INFO  : The application 'E:/kevin/myCode/microBlaze1/vitisJson/syncMain/Debug/syncMain.elf' is downloaded to processor 'microblaze_0'.
15:53:11 INFO  : ----------------XSDB Script----------------
connect -url tcp:127.0.0.1:3121
targets -set -filter {jtag_cable_name =~ "Digilent JTAG-HS2 201706300081" && level==0 && jtag_device_ctx=="jsn-JTAG-HS2-201706300081-13636093-0"}
fpga -file E:/kevin/myCode/microBlaze1/vitisJson/syncMain/_ide/bitstream/design_1_wrapper.bit
targets -set -nocase -filter {name =~ "*microblaze*#0" && bscan=="USER2" }
loadhw -hw E:/kevin/myCode/microBlaze1/vitisJson/syncBlaze/export/syncBlaze/hw/design_1_wrapper.xsa -regs
configparams mdm-detect-bscan-mask 2
targets -set -nocase -filter {name =~ "*microblaze*#0" && bscan=="USER2" }
rst -system
after 3000
targets -set -nocase -filter {name =~ "*microblaze*#0" && bscan=="USER2" }
dow E:/kevin/myCode/microBlaze1/vitisJson/syncMain/Debug/syncMain.elf
----------------End of Script----------------

15:53:11 INFO  : Context for processor 'microblaze_0' is selected.
15:53:11 INFO  : 'con' command is executed.
15:53:11 INFO  : ----------------XSDB Script (After Launch)----------------
targets -set -nocase -filter {name =~ "*microblaze*#0" && bscan=="USER2" }
con
----------------End of Script----------------

15:53:11 INFO  : Launch script is exported to file 'E:\kevin\myCode\microBlaze1\vitisJson\syncMain_system\_ide\scripts\systemdebugger_syncmain_system_standalone.tcl'
16:38:11 INFO  : Hardware specification for platform project 'syncBlaze' is updated.
16:38:29 INFO  : Result from executing command 'getProjects': syncBlaze
16:38:29 INFO  : Result from executing command 'getPlatforms': syncBlaze|E:/kevin/myCode/microBlaze1/vitisJson/syncBlaze/export/syncBlaze/syncBlaze.xpfm;xilinx_vck190_base_202220_1|D:/Xilinx202202/Vitis/2022.2/base_platforms/xilinx_vck190_base_202220_1/xilinx_vck190_base_202220_1.xpfm;xilinx_vck190_base_dfx_202220_1|D:/Xilinx202202/Vitis/2022.2/base_platforms/xilinx_vck190_base_dfx_202220_1/xilinx_vck190_base_dfx_202220_1.xpfm;xilinx_vmk180_base_202220_1|D:/Xilinx202202/Vitis/2022.2/base_platforms/xilinx_vmk180_base_202220_1/xilinx_vmk180_base_202220_1.xpfm;xilinx_zcu102_base_202220_1|D:/Xilinx202202/Vitis/2022.2/base_platforms/xilinx_zcu102_base_202220_1/xilinx_zcu102_base_202220_1.xpfm;xilinx_zcu102_base_dfx_202220_1|D:/Xilinx202202/Vitis/2022.2/base_platforms/xilinx_zcu102_base_dfx_202220_1/xilinx_zcu102_base_dfx_202220_1.xpfm;xilinx_zcu104_base_202220_1|D:/Xilinx202202/Vitis/2022.2/base_platforms/xilinx_zcu104_base_202220_1/xilinx_zcu104_base_202220_1.xpfm
16:38:41 ERROR : XSCT server calls should not be made from TCF thread.
java.lang.RuntimeException: XSCT server calls should not be made from TCF thread.
	at com.xilinx.sdk.xsdb.XSDBCommandManager.issueAndWait(XSDBCommandManager.java:392) [com.xilinx.sdk.xsdb_1.0.0.202210132147.jar:?]
	at com.xilinx.sdk.xsdb.XsdbCommandUtils.executeAndRespond(XsdbCommandUtils.java:325) [com.xilinx.sdk.xsdb_1.0.0.202210132147.jar:?]
	at com.xilinx.sdk.hw.internal.HwPlatform.dispose(HwPlatform.java:1325) [com.xilinx.sdk.hw_1.0.0.202210132147.jar:?]
	at com.xilinx.sdk.hw.internal.HwSpecFactory.removeHwSpec(HwSpecFactory.java:92) [com.xilinx.sdk.hw_1.0.0.202210132147.jar:?]
	at com.xilinx.sdk.hw.internal.HwSpecFactory.validateGetFromCache(HwSpecFactory.java:78) [com.xilinx.sdk.hw_1.0.0.202210132147.jar:?]
	at com.xilinx.sdk.hw.internal.HwSpecFactory.createHwSpec(HwSpecFactory.java:48) [com.xilinx.sdk.hw_1.0.0.202210132147.jar:?]
	at com.xilinx.sdx.sdsoc.debug.ui.SdsLaunchConfigUtil.createHwPlatform(SdsLaunchConfigUtil.java:57) [com.xilinx.sdx.sdsoc.debug.ui_1.0.0.202210132147.jar:?]
	at com.xilinx.sdx.sdsoc.debug.ui.SdsLaunchConfigModel.iniHwPlatform(SdsLaunchConfigModel.java:187) [com.xilinx.sdx.sdsoc.debug.ui_1.0.0.202210132147.jar:?]
	at com.xilinx.sdk.tcf.internal.debug.ui.common.BaseLaunchConfigModel.getHwPlatform(BaseLaunchConfigModel.java:577) [com.xilinx.sdk.tcf.debug_1.0.0.202210132147.jar:?]
	at com.xilinx.sdk.tcf.internal.debug.ui.common.BaseLaunchConfigModel.readCrossTriggerModel(BaseLaunchConfigModel.java:173) [com.xilinx.sdk.tcf.debug_1.0.0.202210132147.jar:?]
	at com.xilinx.sdk.tcf.internal.debug.ui.common.BaseLaunchConfigModel.readAndSetAttributes(BaseLaunchConfigModel.java:156) [com.xilinx.sdk.tcf.debug_1.0.0.202210132147.jar:?]
	at com.xilinx.sdx.sdsoc.debug.ui.SdsLaunchConfigModel.newInstance(SdsLaunchConfigModel.java:109) [com.xilinx.sdx.sdsoc.debug.ui_1.0.0.202210132147.jar:?]
	at com.xilinx.sdx.sdsoc.debug.launch.SdsTcfLaunchDelegate.createConfigModel(SdsTcfLaunchDelegate.java:85) [com.xilinx.sdx.sdsoc.debug_1.0.0.202210132147.jar:?]
	at com.xilinx.sdx.sdsoc.debug.launch.SdsTcfLaunchDelegate.generateReports(SdsTcfLaunchDelegate.java:641) [com.xilinx.sdx.sdsoc.debug_1.0.0.202210132147.jar:?]
	at com.xilinx.sdx.sdsoc.debug.launch.SdsTcfLaunchDelegate.onDisconnected(SdsTcfLaunchDelegate.java:615) [com.xilinx.sdx.sdsoc.debug_1.0.0.202210132147.jar:?]
	at org.eclipse.tcf.internal.debug.ui.model.TCFModelManager$1.onDisconnected(TCFModelManager.java:79) [org.eclipse.tcf.debug.ui_1.7.0.202210132147.jar:?]
	at org.eclipse.tcf.internal.debug.model.TCFLaunch.onDisconnected(TCFLaunch.java:532) [org.eclipse.tcf.debug_1.7.0.202210132147.jar:?]
	at org.eclipse.tcf.internal.debug.model.TCFLaunch$43.onChannelClosed(TCFLaunch.java:1643) [org.eclipse.tcf.debug_1.7.0.202210132147.jar:?]
	at org.eclipse.tcf.core.AbstractChannel$9.run(AbstractChannel.java:858) [org.eclipse.tcf.core_1.7.0.202210132147.jar:?]
	at org.eclipse.tcf.EventQueue.run(EventQueue.java:98) [org.eclipse.tcf_1.7.0.202210132147.jar:?]
	at java.lang.Thread.run(Thread.java:829) [?:?]
16:38:41 INFO  : Disconnected from the channel tcfchan#5.
16:38:41 INFO  : The hardware specification used by project 'syncMain' is out of sync with the platform. Resource files extracted from the hardware specification will be updated.
16:38:41 INFO  : The file 'E:\kevin\myCode\microBlaze1\vitisJson\syncMain\_ide\bitstream\design_1_wrapper.bit' stored in project is removed.
16:38:41 INFO  : The file 'E:\kevin\myCode\microBlaze1\vitisJson\syncMain\_ide\bitstream\design_1_wrapper.mmi' stored in project is removed.
16:38:41 INFO  : The updated bitstream files are copied from platform to folder 'E:\kevin\myCode\microBlaze1\vitisJson\syncMain\_ide\bitstream' in project 'syncMain'.
16:38:42 INFO  : Connected to target on host '127.0.0.1' and port '3121'.
16:38:42 INFO  : Jtag cable 'Digilent JTAG-HS2 201706300081' is selected.
16:38:42 INFO  : 'jtag frequency' command is executed.
16:38:42 INFO  : 'targets -set -filter {jtag_cable_name =~ "Digilent JTAG-HS2 201706300081" && level==0 && jtag_device_ctx=="jsn-JTAG-HS2-201706300081-13636093-0"}' command is executed.
16:38:50 INFO  : Device configured successfully with "E:/kevin/myCode/microBlaze1/vitisJson/syncMain/_ide/bitstream/design_1_wrapper.bit"
16:38:50 INFO  : Context for processor 'microblaze_0' is selected.
16:38:50 INFO  : Hardware design and registers information is loaded from 'E:/kevin/myCode/microBlaze1/vitisJson/syncBlaze/export/syncBlaze/hw/design_1_wrapper.xsa'.
16:38:50 INFO  : 'configparams mdm-detect-bscan-mask 2' command is executed.
16:38:50 INFO  : Context for processor 'microblaze_0' is selected.
16:38:50 INFO  : System reset is completed.
16:38:53 INFO  : 'after 3000' command is executed.
16:38:53 INFO  : Context for processor 'microblaze_0' is selected.
16:38:53 INFO  : The application 'E:/kevin/myCode/microBlaze1/vitisJson/syncMain/Debug/syncMain.elf' is downloaded to processor 'microblaze_0'.
16:38:53 INFO  : ----------------XSDB Script----------------
connect -url tcp:127.0.0.1:3121
targets -set -filter {jtag_cable_name =~ "Digilent JTAG-HS2 201706300081" && level==0 && jtag_device_ctx=="jsn-JTAG-HS2-201706300081-13636093-0"}
fpga -file E:/kevin/myCode/microBlaze1/vitisJson/syncMain/_ide/bitstream/design_1_wrapper.bit
targets -set -nocase -filter {name =~ "*microblaze*#0" && bscan=="USER2" }
loadhw -hw E:/kevin/myCode/microBlaze1/vitisJson/syncBlaze/export/syncBlaze/hw/design_1_wrapper.xsa -regs
configparams mdm-detect-bscan-mask 2
targets -set -nocase -filter {name =~ "*microblaze*#0" && bscan=="USER2" }
rst -system
after 3000
targets -set -nocase -filter {name =~ "*microblaze*#0" && bscan=="USER2" }
dow E:/kevin/myCode/microBlaze1/vitisJson/syncMain/Debug/syncMain.elf
----------------End of Script----------------

16:38:53 INFO  : Context for processor 'microblaze_0' is selected.
16:38:53 INFO  : 'con' command is executed.
16:38:53 INFO  : ----------------XSDB Script (After Launch)----------------
targets -set -nocase -filter {name =~ "*microblaze*#0" && bscan=="USER2" }
con
----------------End of Script----------------

16:38:53 INFO  : Launch script is exported to file 'E:\kevin\myCode\microBlaze1\vitisJson\syncMain_system\_ide\scripts\systemdebugger_syncmain_system_standalone.tcl'
17:05:37 INFO  : Checking for BSP changes to sync application flags for project 'syncMain'...
17:22:53 INFO  : Disconnected from the channel tcfchan#7.
17:29:18 INFO  : Checking for BSP changes to sync application flags for project 'syncMain'...
17:29:35 INFO  : Connected to target on host '127.0.0.1' and port '3121'.
17:29:35 INFO  : Jtag cable 'Digilent JTAG-HS2 201706300081' is selected.
17:29:35 INFO  : 'jtag frequency' command is executed.
17:29:35 INFO  : 'targets -set -filter {jtag_cable_name =~ "Digilent JTAG-HS2 201706300081" && level==0 && jtag_device_ctx=="jsn-JTAG-HS2-201706300081-13636093-0"}' command is executed.
17:29:43 INFO  : Device configured successfully with "E:/kevin/myCode/microBlaze1/vitisJson/syncMain/_ide/bitstream/design_1_wrapper.bit"
17:29:43 INFO  : Context for processor 'microblaze_0' is selected.
17:29:43 INFO  : Hardware design and registers information is loaded from 'E:/kevin/myCode/microBlaze1/vitisJson/syncBlaze/export/syncBlaze/hw/design_1_wrapper.xsa'.
17:29:43 INFO  : 'configparams mdm-detect-bscan-mask 2' command is executed.
17:29:43 INFO  : Context for processor 'microblaze_0' is selected.
17:29:43 INFO  : System reset is completed.
17:29:46 INFO  : 'after 3000' command is executed.
17:29:46 INFO  : Context for processor 'microblaze_0' is selected.
17:29:46 INFO  : The application 'E:/kevin/myCode/microBlaze1/vitisJson/syncMain/Debug/syncMain.elf' is downloaded to processor 'microblaze_0'.
17:29:46 INFO  : ----------------XSDB Script----------------
connect -url tcp:127.0.0.1:3121
targets -set -filter {jtag_cable_name =~ "Digilent JTAG-HS2 201706300081" && level==0 && jtag_device_ctx=="jsn-JTAG-HS2-201706300081-13636093-0"}
fpga -file E:/kevin/myCode/microBlaze1/vitisJson/syncMain/_ide/bitstream/design_1_wrapper.bit
targets -set -nocase -filter {name =~ "*microblaze*#0" && bscan=="USER2" }
loadhw -hw E:/kevin/myCode/microBlaze1/vitisJson/syncBlaze/export/syncBlaze/hw/design_1_wrapper.xsa -regs
configparams mdm-detect-bscan-mask 2
targets -set -nocase -filter {name =~ "*microblaze*#0" && bscan=="USER2" }
rst -system
after 3000
targets -set -nocase -filter {name =~ "*microblaze*#0" && bscan=="USER2" }
dow E:/kevin/myCode/microBlaze1/vitisJson/syncMain/Debug/syncMain.elf
----------------End of Script----------------

17:29:47 INFO  : Context for processor 'microblaze_0' is selected.
17:29:47 INFO  : 'con' command is executed.
17:29:47 INFO  : ----------------XSDB Script (After Launch)----------------
targets -set -nocase -filter {name =~ "*microblaze*#0" && bscan=="USER2" }
con
----------------End of Script----------------

17:29:47 INFO  : Launch script is exported to file 'E:\kevin\myCode\microBlaze1\vitisJson\syncMain_system\_ide\scripts\systemdebugger_syncmain_system_standalone.tcl'
17:48:16 INFO  : Hardware specification for platform project 'syncBlaze' is updated.
17:48:38 INFO  : Result from executing command 'getProjects': syncBlaze
17:48:38 INFO  : Result from executing command 'getPlatforms': xilinx_vck190_base_202220_1|D:/Xilinx202202/Vitis/2022.2/base_platforms/xilinx_vck190_base_202220_1/xilinx_vck190_base_202220_1.xpfm;xilinx_vck190_base_dfx_202220_1|D:/Xilinx202202/Vitis/2022.2/base_platforms/xilinx_vck190_base_dfx_202220_1/xilinx_vck190_base_dfx_202220_1.xpfm;xilinx_vmk180_base_202220_1|D:/Xilinx202202/Vitis/2022.2/base_platforms/xilinx_vmk180_base_202220_1/xilinx_vmk180_base_202220_1.xpfm;xilinx_zcu102_base_202220_1|D:/Xilinx202202/Vitis/2022.2/base_platforms/xilinx_zcu102_base_202220_1/xilinx_zcu102_base_202220_1.xpfm;xilinx_zcu102_base_dfx_202220_1|D:/Xilinx202202/Vitis/2022.2/base_platforms/xilinx_zcu102_base_dfx_202220_1/xilinx_zcu102_base_dfx_202220_1.xpfm;xilinx_zcu104_base_202220_1|D:/Xilinx202202/Vitis/2022.2/base_platforms/xilinx_zcu104_base_202220_1/xilinx_zcu104_base_202220_1.xpfm
17:48:43 ERROR : XSCT server calls should not be made from TCF thread.
java.lang.RuntimeException: XSCT server calls should not be made from TCF thread.
	at com.xilinx.sdk.xsdb.XSDBCommandManager.issueAndWait(XSDBCommandManager.java:392) [com.xilinx.sdk.xsdb_1.0.0.202210132147.jar:?]
	at com.xilinx.sdk.xsdb.XsdbCommandUtils.executeAndRespond(XsdbCommandUtils.java:325) [com.xilinx.sdk.xsdb_1.0.0.202210132147.jar:?]
	at com.xilinx.sdk.hw.internal.HwPlatform.dispose(HwPlatform.java:1325) [com.xilinx.sdk.hw_1.0.0.202210132147.jar:?]
	at com.xilinx.sdk.hw.internal.HwSpecFactory.removeHwSpec(HwSpecFactory.java:92) [com.xilinx.sdk.hw_1.0.0.202210132147.jar:?]
	at com.xilinx.sdk.hw.internal.HwSpecFactory.validateGetFromCache(HwSpecFactory.java:78) [com.xilinx.sdk.hw_1.0.0.202210132147.jar:?]
	at com.xilinx.sdk.hw.internal.HwSpecFactory.createHwSpec(HwSpecFactory.java:48) [com.xilinx.sdk.hw_1.0.0.202210132147.jar:?]
	at com.xilinx.sdx.sdsoc.debug.ui.SdsLaunchConfigUtil.createHwPlatform(SdsLaunchConfigUtil.java:57) [com.xilinx.sdx.sdsoc.debug.ui_1.0.0.202210132147.jar:?]
	at com.xilinx.sdx.sdsoc.debug.ui.SdsLaunchConfigModel.iniHwPlatform(SdsLaunchConfigModel.java:187) [com.xilinx.sdx.sdsoc.debug.ui_1.0.0.202210132147.jar:?]
	at com.xilinx.sdk.tcf.internal.debug.ui.common.BaseLaunchConfigModel.getHwPlatform(BaseLaunchConfigModel.java:577) [com.xilinx.sdk.tcf.debug_1.0.0.202210132147.jar:?]
	at com.xilinx.sdk.tcf.internal.debug.ui.common.BaseLaunchConfigModel.readCrossTriggerModel(BaseLaunchConfigModel.java:173) [com.xilinx.sdk.tcf.debug_1.0.0.202210132147.jar:?]
	at com.xilinx.sdk.tcf.internal.debug.ui.common.BaseLaunchConfigModel.readAndSetAttributes(BaseLaunchConfigModel.java:156) [com.xilinx.sdk.tcf.debug_1.0.0.202210132147.jar:?]
	at com.xilinx.sdx.sdsoc.debug.ui.SdsLaunchConfigModel.newInstance(SdsLaunchConfigModel.java:109) [com.xilinx.sdx.sdsoc.debug.ui_1.0.0.202210132147.jar:?]
	at com.xilinx.sdx.sdsoc.debug.launch.SdsTcfLaunchDelegate.createConfigModel(SdsTcfLaunchDelegate.java:85) [com.xilinx.sdx.sdsoc.debug_1.0.0.202210132147.jar:?]
	at com.xilinx.sdx.sdsoc.debug.launch.SdsTcfLaunchDelegate.generateReports(SdsTcfLaunchDelegate.java:641) [com.xilinx.sdx.sdsoc.debug_1.0.0.202210132147.jar:?]
	at com.xilinx.sdx.sdsoc.debug.launch.SdsTcfLaunchDelegate.onDisconnected(SdsTcfLaunchDelegate.java:615) [com.xilinx.sdx.sdsoc.debug_1.0.0.202210132147.jar:?]
	at org.eclipse.tcf.internal.debug.ui.model.TCFModelManager$1.onDisconnected(TCFModelManager.java:79) [org.eclipse.tcf.debug.ui_1.7.0.202210132147.jar:?]
	at org.eclipse.tcf.internal.debug.model.TCFLaunch.onDisconnected(TCFLaunch.java:532) [org.eclipse.tcf.debug_1.7.0.202210132147.jar:?]
	at org.eclipse.tcf.internal.debug.model.TCFLaunch$43.onChannelClosed(TCFLaunch.java:1643) [org.eclipse.tcf.debug_1.7.0.202210132147.jar:?]
	at org.eclipse.tcf.core.AbstractChannel$9.run(AbstractChannel.java:858) [org.eclipse.tcf.core_1.7.0.202210132147.jar:?]
	at org.eclipse.tcf.EventQueue.run(EventQueue.java:98) [org.eclipse.tcf_1.7.0.202210132147.jar:?]
	at java.lang.Thread.run(Thread.java:829) [?:?]
17:48:43 INFO  : Disconnected from the channel tcfchan#8.
17:48:49 INFO  : Checking for BSP changes to sync application flags for project 'syncMain'...
17:48:53 INFO  : The hardware specification used by project 'syncMain' is out of sync with the platform. Resource files extracted from the hardware specification will be updated.
17:48:53 INFO  : The file 'E:\kevin\myCode\microBlaze1\vitisJson\syncMain\_ide\bitstream\design_1_wrapper.bit' stored in project is removed.
17:48:53 INFO  : The file 'E:\kevin\myCode\microBlaze1\vitisJson\syncMain\_ide\bitstream\design_1_wrapper.mmi' stored in project is removed.
17:48:53 INFO  : The updated bitstream files are copied from platform to folder 'E:\kevin\myCode\microBlaze1\vitisJson\syncMain\_ide\bitstream' in project 'syncMain'.
17:48:56 INFO  : Connected to target on host '127.0.0.1' and port '3121'.
17:48:56 INFO  : Jtag cable 'Digilent JTAG-HS2 201706300081' is selected.
17:48:56 INFO  : 'jtag frequency' command is executed.
17:48:56 INFO  : 'targets -set -filter {jtag_cable_name =~ "Digilent JTAG-HS2 201706300081" && level==0 && jtag_device_ctx=="jsn-JTAG-HS2-201706300081-13636093-0"}' command is executed.
17:49:04 INFO  : Device configured successfully with "E:/kevin/myCode/microBlaze1/vitisJson/syncMain/_ide/bitstream/design_1_wrapper.bit"
17:49:04 INFO  : Context for processor 'microblaze_0' is selected.
17:49:04 INFO  : Hardware design and registers information is loaded from 'E:/kevin/myCode/microBlaze1/vitisJson/syncBlaze/export/syncBlaze/hw/design_1_wrapper.xsa'.
17:49:04 INFO  : 'configparams mdm-detect-bscan-mask 2' command is executed.
17:49:04 INFO  : Context for processor 'microblaze_0' is selected.
17:49:04 INFO  : System reset is completed.
17:49:07 INFO  : 'after 3000' command is executed.
17:49:07 INFO  : Context for processor 'microblaze_0' is selected.
17:49:07 INFO  : The application 'E:/kevin/myCode/microBlaze1/vitisJson/syncMain/Debug/syncMain.elf' is downloaded to processor 'microblaze_0'.
17:49:07 INFO  : ----------------XSDB Script----------------
connect -url tcp:127.0.0.1:3121
targets -set -filter {jtag_cable_name =~ "Digilent JTAG-HS2 201706300081" && level==0 && jtag_device_ctx=="jsn-JTAG-HS2-201706300081-13636093-0"}
fpga -file E:/kevin/myCode/microBlaze1/vitisJson/syncMain/_ide/bitstream/design_1_wrapper.bit
targets -set -nocase -filter {name =~ "*microblaze*#0" && bscan=="USER2" }
loadhw -hw E:/kevin/myCode/microBlaze1/vitisJson/syncBlaze/export/syncBlaze/hw/design_1_wrapper.xsa -regs
configparams mdm-detect-bscan-mask 2
targets -set -nocase -filter {name =~ "*microblaze*#0" && bscan=="USER2" }
rst -system
after 3000
targets -set -nocase -filter {name =~ "*microblaze*#0" && bscan=="USER2" }
dow E:/kevin/myCode/microBlaze1/vitisJson/syncMain/Debug/syncMain.elf
----------------End of Script----------------

17:49:08 INFO  : Context for processor 'microblaze_0' is selected.
17:49:08 INFO  : 'con' command is executed.
17:49:08 INFO  : ----------------XSDB Script (After Launch)----------------
targets -set -nocase -filter {name =~ "*microblaze*#0" && bscan=="USER2" }
con
----------------End of Script----------------

17:49:08 INFO  : Launch script is exported to file 'E:\kevin\myCode\microBlaze1\vitisJson\syncMain_system\_ide\scripts\systemdebugger_syncmain_system_standalone.tcl'
19:16:19 INFO  : Disconnected from the channel tcfchan#10.
